Archive member included to satisfy reference by file (symbol)

d:/program files/atollic/truestudio for stm32 9.3.0/armtools/bin/../lib/gcc/arm-atollic-eabi/6.3.1/../../../../arm-atollic-eabi/lib/armv7-m\libc_nano.a(lib_a-errno.o)
                              Core\Src\syscalls.o (__errno)
d:/program files/atollic/truestudio for stm32 9.3.0/armtools/bin/../lib/gcc/arm-atollic-eabi/6.3.1/../../../../arm-atollic-eabi/lib/armv7-m\libc_nano.a(lib_a-impure.o)
                              d:/program files/atollic/truestudio for stm32 9.3.0/armtools/bin/../lib/gcc/arm-atollic-eabi/6.3.1/../../../../arm-atollic-eabi/lib/armv7-m\libc_nano.a(lib_a-errno.o) (_impure_ptr)
d:/program files/atollic/truestudio for stm32 9.3.0/armtools/bin/../lib/gcc/arm-atollic-eabi/6.3.1/../../../../arm-atollic-eabi/lib/armv7-m\libc_nano.a(lib_a-init.o)
                              startup\startup_stm32f103xb.o (__libc_init_array)
d:/program files/atollic/truestudio for stm32 9.3.0/armtools/bin/../lib/gcc/arm-atollic-eabi/6.3.1/../../../../arm-atollic-eabi/lib/armv7-m\libc_nano.a(lib_a-memset.o)
                              Core\Src\dht.o (memset)
d:/program files/atollic/truestudio for stm32 9.3.0/armtools/bin/../lib/gcc/arm-atollic-eabi/6.3.1/../../../../arm-atollic-eabi/lib/armv7-m\libc_nano.a(lib_a-sprintf.o)
                              Core\Src\main.o (sprintf)
d:/program files/atollic/truestudio for stm32 9.3.0/armtools/bin/../lib/gcc/arm-atollic-eabi/6.3.1/../../../../arm-atollic-eabi/lib/armv7-m\libc_nano.a(lib_a-nano-svfprintf.o)
                              d:/program files/atollic/truestudio for stm32 9.3.0/armtools/bin/../lib/gcc/arm-atollic-eabi/6.3.1/../../../../arm-atollic-eabi/lib/armv7-m\libc_nano.a(lib_a-sprintf.o) (_svfprintf_r)
d:/program files/atollic/truestudio for stm32 9.3.0/armtools/bin/../lib/gcc/arm-atollic-eabi/6.3.1/../../../../arm-atollic-eabi/lib/armv7-m\libc_nano.a(lib_a-nano-vfprintf_i.o)
                              d:/program files/atollic/truestudio for stm32 9.3.0/armtools/bin/../lib/gcc/arm-atollic-eabi/6.3.1/../../../../arm-atollic-eabi/lib/armv7-m\libc_nano.a(lib_a-nano-svfprintf.o) (_printf_i)
d:/program files/atollic/truestudio for stm32 9.3.0/armtools/bin/../lib/gcc/arm-atollic-eabi/6.3.1/../../../../arm-atollic-eabi/lib/armv7-m\libc_nano.a(lib_a-memchr-stub.o)
                              d:/program files/atollic/truestudio for stm32 9.3.0/armtools/bin/../lib/gcc/arm-atollic-eabi/6.3.1/../../../../arm-atollic-eabi/lib/armv7-m\libc_nano.a(lib_a-nano-svfprintf.o) (memchr)
d:/program files/atollic/truestudio for stm32 9.3.0/armtools/bin/../lib/gcc/arm-atollic-eabi/6.3.1/../../../../arm-atollic-eabi/lib/armv7-m\libc_nano.a(lib_a-memcpy-stub.o)
                              d:/program files/atollic/truestudio for stm32 9.3.0/armtools/bin/../lib/gcc/arm-atollic-eabi/6.3.1/../../../../arm-atollic-eabi/lib/armv7-m\libc_nano.a(lib_a-nano-svfprintf.o) (memcpy)
d:/program files/atollic/truestudio for stm32 9.3.0/armtools/bin/../lib/gcc/arm-atollic-eabi/6.3.1/../../../../arm-atollic-eabi/lib/armv7-m\libc_nano.a(lib_a-memmove.o)
                              d:/program files/atollic/truestudio for stm32 9.3.0/armtools/bin/../lib/gcc/arm-atollic-eabi/6.3.1/../../../../arm-atollic-eabi/lib/armv7-m\libc_nano.a(lib_a-nano-svfprintf.o) (memmove)
d:/program files/atollic/truestudio for stm32 9.3.0/armtools/bin/../lib/gcc/arm-atollic-eabi/6.3.1/../../../../arm-atollic-eabi/lib/armv7-m\libc_nano.a(lib_a-nano-freer.o)
                              d:/program files/atollic/truestudio for stm32 9.3.0/armtools/bin/../lib/gcc/arm-atollic-eabi/6.3.1/../../../../arm-atollic-eabi/lib/armv7-m\libc_nano.a(lib_a-nano-svfprintf.o) (_free_r)
d:/program files/atollic/truestudio for stm32 9.3.0/armtools/bin/../lib/gcc/arm-atollic-eabi/6.3.1/../../../../arm-atollic-eabi/lib/armv7-m\libc_nano.a(lib_a-nano-mallocr.o)
                              d:/program files/atollic/truestudio for stm32 9.3.0/armtools/bin/../lib/gcc/arm-atollic-eabi/6.3.1/../../../../arm-atollic-eabi/lib/armv7-m\libc_nano.a(lib_a-nano-svfprintf.o) (_malloc_r)
d:/program files/atollic/truestudio for stm32 9.3.0/armtools/bin/../lib/gcc/arm-atollic-eabi/6.3.1/../../../../arm-atollic-eabi/lib/armv7-m\libc_nano.a(lib_a-nano-reallocr.o)
                              d:/program files/atollic/truestudio for stm32 9.3.0/armtools/bin/../lib/gcc/arm-atollic-eabi/6.3.1/../../../../arm-atollic-eabi/lib/armv7-m\libc_nano.a(lib_a-nano-svfprintf.o) (_realloc_r)
d:/program files/atollic/truestudio for stm32 9.3.0/armtools/bin/../lib/gcc/arm-atollic-eabi/6.3.1/../../../../arm-atollic-eabi/lib/armv7-m\libc_nano.a(lib_a-sbrkr.o)
                              d:/program files/atollic/truestudio for stm32 9.3.0/armtools/bin/../lib/gcc/arm-atollic-eabi/6.3.1/../../../../arm-atollic-eabi/lib/armv7-m\libc_nano.a(lib_a-nano-mallocr.o) (_sbrk_r)
[...]
Memory Configuration

Name             Origin             Length             Attributes
RAM              0x20000000         0x00005000         xrw
FLASH            0x08000000         0x00020000         xr
*default*        0x00000000         0xffffffff

Linker script and memory map

LOAD d:/program files/atollic/truestudio for stm32 9.3.0/armtools/bin/../lib/gcc/arm-atollic-eabi/6.3.1/armv7-m/crti.o
LOAD d:/program files/atollic/truestudio for stm32 9.3.0/armtools/bin/../lib/gcc/arm-atollic-eabi/6.3.1/armv7-m/crtbegin.o
LOAD Core\Src\PID.o
LOAD Core\Src\delay.o
LOAD Core\Src\dht.o
LOAD Core\Src\gpio.o
LOAD Core\Src\main.o
LOAD Core\Src\stm32f1xx_hal_msp.o
LOAD Core\Src\stm32f1xx_it.o
LOAD Core\Src\sys.o
LOAD Core\Src\syscalls.o
LOAD Core\Src\system_stm32f1xx.o
LOAD Core\Src\tim.o
LOAD Core\Src\usart.o
LOAD Drivers\STM32F1xx_HAL_Driver\Src\stm32f1xx_hal.o
LOAD Drivers\STM32F1xx_HAL_Driver\Src\stm32f1xx_hal_cortex.o
LOAD Drivers\STM32F1xx_HAL_Driver\Src\stm32f1xx_hal_dma.o
LOAD Drivers\STM32F1xx_HAL_Driver\Src\stm32f1xx_hal_exti.o
LOAD Drivers\STM32F1xx_HAL_Driver\Src\stm32f1xx_hal_flash.o
LOAD Drivers\STM32F1xx_HAL_Driver\Src\stm32f1xx_hal_flash_ex.o
LOAD Drivers\STM32F1xx_HAL_Driver\Src\stm32f1xx_hal_gpio.o
LOAD Drivers\STM32F1xx_HAL_Driver\Src\stm32f1xx_hal_gpio_ex.o
LOAD Drivers\STM32F1xx_HAL_Driver\Src\stm32f1xx_hal_pwr.o
LOAD Drivers\STM32F1xx_HAL_Driver\Src\stm32f1xx_hal_rcc.o
LOAD Drivers\STM32F1xx_HAL_Driver\Src\stm32f1xx_hal_rcc_ex.o
LOAD Drivers\STM32F1xx_HAL_Driver\Src\stm32f1xx_hal_tim.o
LOAD Drivers\STM32F1xx_HAL_Driver\Src\stm32f1xx_hal_tim_ex.o
LOAD Drivers\STM32F1xx_HAL_Driver\Src\stm32f1xx_hal_uart.o
LOAD startup\startup_stm32f103xb.o
                0x00000080                malloc_getpagesize_P = 0x80
START GROUP
LOAD d:/program files/atollic/truestudio for stm32 9.3.0/armtools/bin/../lib/gcc/arm-atollic-eabi/6.3.1/../../../../arm-atollic-eabi/lib/armv7-m\libc_nano.a
LOAD d:/program files/atollic/truestudio for stm32 9.3.0/armtools/bin/../lib/gcc/arm-atollic-eabi/6.3.1/../../../../arm-atollic-eabi/lib/armv7-m\libm.a
END GROUP
START GROUP
LOAD d:/program files/atollic/truestudio for stm32 9.3.0/armtools/bin/../lib/gcc/arm-atollic-eabi/6.3.1/armv7-m\libgcc.a
LOAD d:/program files/atollic/truestudio for stm32 9.3.0/armtools/bin/../lib/gcc/arm-atollic-eabi/6.3.1/../../../../arm-atollic-eabi/lib/armv7-m\libc_nano.a
END GROUP
START GROUP
LOAD d:/program files/atollic/truestudio for stm32 9.3.0/armtools/bin/../lib/gcc/arm-atollic-eabi/6.3.1/armv7-m\libgcc.a
LOAD d:/program files/atollic/truestudio for stm32 9.3.0/armtools/bin/../lib/gcc/arm-atollic-eabi/6.3.1/../../../../arm-atollic-eabi/lib/armv7-m\libc_nano.a
LOAD d:/program files/atollic/truestudio for stm32 9.3.0/armtools/bin/../lib/gcc/arm-atollic-eabi/6.3.1/../../../../arm-atollic-eabi/lib/armv7-m\libnosys.a
END GROUP
START GROUP
LOAD d:/program files/atollic/truestudio for stm32 9.3.0/armtools/bin/../lib/gcc/arm-atollic-eabi/6.3.1/armv7-m\libgcc.a
LOAD d:/program files/atollic/truestudio for stm32 9.3.0/armtools/bin/../lib/gcc/arm-atollic-eabi/6.3.1/../../../../arm-atollic-eabi/lib/armv7-m\libc_nano.a
LOAD d:/program files/atollic/truestudio for stm32 9.3.0/armtools/bin/../lib/gcc/arm-atollic-eabi/6.3.1/../../../../arm-atollic-eabi/lib/armv7-m\libnosys.a
END GROUP
LOAD d:/program files/atollic/truestudio for stm32 9.3.0/armtools/bin/../lib/gcc/arm-atollic-eabi/6.3.1/armv7-m/crtend.o
LOAD d:/program files/atollic/truestudio for stm32 9.3.0/armtools/bin/../lib/gcc/arm-atollic-eabi/6.3.1/armv7-m/crtn.o
                0x20005000                _estack = 0x20005000
                0x00000200                _Min_Heap_Size = 0x200
                0x00000400                _Min_Stack_Size = 0x400

.isr_vector     0x08000000      0x10c
                0x08000000                . = ALIGN (0x4)
 *(.isr_vector)
 .isr_vector    0x08000000      0x10c startup\startup_stm32f103xb.o
                0x08000000                g_pfnVectors
                0x0800010c                . = ALIGN (0x4)

.text           0x0800010c     0x2560
                0x0800010c                . = ALIGN (0x4)
 *(.text)
 .text          0x0800010c       0x40 d:/program files/atollic/truestudio for stm32 9.3.0/armtools/bin/../lib/gcc/arm-atollic-eabi/6.3.1/armv7-m/crtbegin.o
 *(.text*)
 .text.PID      0x0800014c       0x80 Core\Src\PID.o
                0x0800014c                PID
 .text.us_Delay
                0x080001cc       0x14 Core\Src\delay.o
                0x080001cc                us_Delay
 .text.set_pin_input
                0x080001e0       0x20 Core\Src\dht.o
                0x080001e0                set_pin_input
 .text.set_pin_output
                0x08000200       0x28 Core\Src\dht.o
                0x08000200                set_pin_output
 .text.DHT11_start
                0x08000228       0x80 Core\Src\dht.o
                0x08000228                DHT11_start
 .text.DHT11_get_T
                0x080002a8       0x94 Core\Src\dht.o
                0x080002a8                DHT11_get_T
 .text.DHT11_get_H
                0x0800033c        0x4 Core\Src\dht.o
                0x0800033c                DHT11_get_H
 .text.DHT11_checksum
                0x08000340       0x50 Core\Src\dht.o
                0x08000340                DHT11_checksum
 .text.MX_GPIO_Init
                0x08000390      0x110 Core\Src\gpio.o
                0x08000390                MX_GPIO_Init
 .text.SystemClock_Config
                0x080004a0       0x50 Core\Src\main.o
                0x080004a0                SystemClock_Config
 .text.HAL_SYSTICK_Callback
                0x080004f0       0x40 Core\Src\main.o
                0x080004f0                HAL_SYSTICK_Callback
 .text.conversion
                0x08000530       0x94 Core\Src\main.o
                0x08000530                conversion
 .text.HAL_UART_RxCpltCallback
                0x080005c4       0xa8 Core\Src\main.o
                0x080005c4                HAL_UART_RxCpltCallback
 .text.init     0x0800066c       0x48 Core\Src\main.o
                0x0800066c                init
 .text.startup.main
                0x080006b4      0x168 Core\Src\main.o
                0x080006b4                main
 .text.Error_Handler
                0x0800081c        0x2 Core\Src\main.o
                0x0800081c                Error_Handler
 *fill*         0x0800081e        0x2 
 .text.HAL_MspInit
                0x08000820       0x44 Core\Src\stm32f1xx_hal_msp.o
                0x08000820                HAL_MspInit
 .text.NMI_Handler
                0x08000864        0x2 Core\Src\stm32f1xx_it.o
                0x08000864                NMI_Handler
 .text.HardFault_Handler
                0x08000866        0x2 Core\Src\stm32f1xx_it.o
                0x08000866                HardFault_Handler
 .text.MemManage_Handler
                0x08000868        0x2 Core\Src\stm32f1xx_it.o
                0x08000868                MemManage_Handler
 .text.BusFault_Handler
                0x0800086a        0x2 Core\Src\stm32f1xx_it.o
                0x0800086a                BusFault_Handler
 .text.UsageFault_Handler
                0x0800086c        0x2 Core\Src\stm32f1xx_it.o
                0x0800086c                UsageFault_Handler
 .text.SVC_Handler
                0x0800086e        0x2 Core\Src\stm32f1xx_it.o
                0x0800086e                SVC_Handler
 .text.DebugMon_Handler
                0x08000870        0x2 Core\Src\stm32f1xx_it.o
                0x08000870                DebugMon_Handler
 .text.PendSV_Handler
                0x08000872        0x2 Core\Src\stm32f1xx_it.o
                0x08000872                PendSV_Handler
 .text.SysTick_Handler
                0x08000874        0xe Core\Src\stm32f1xx_it.o
                0x08000874                SysTick_Handler
 *fill*         0x08000882        0x2 
 .text.USART3_IRQHandler
                0x08000884        0xc Core\Src\stm32f1xx_it.o
                0x08000884                USART3_IRQHandler
 .text.EXTI15_10_IRQHandler
                0x08000890        0x8 Core\Src\stm32f1xx_it.o
                0x08000890                EXTI15_10_IRQHandler
 .text._sbrk    0x08000898       0x34 Core\Src\syscalls.o
                0x08000898                _sbrk
 .text.SystemInit
                0x080008cc       0x4c Core\Src\system_stm32f1xx.o
                0x080008cc                SystemInit
 .text.MX_TIM1_Init
                0x08000918       0x6c Core\Src\tim.o
                0x08000918                MX_TIM1_Init
 .text.HAL_TIM_Base_MspInit
                0x08000984       0x48 Core\Src\tim.o
                0x08000984                HAL_TIM_Base_MspInit
 .text.HAL_TIM_MspPostInit
                0x080009cc       0x48 Core\Src\tim.o
                0x080009cc                HAL_TIM_MspPostInit
 .text.MX_TIM2_Init
                0x08000a14       0xa0 Core\Src\tim.o
                0x08000a14                MX_TIM2_Init
 .text.MX_USART2_UART_Init
                0x08000ab4       0x38 Core\Src\usart.o
                0x08000ab4                MX_USART2_UART_Init
 .text.MX_USART3_UART_Init
                0x08000aec       0x38 Core\Src\usart.o
                0x08000aec                MX_USART3_UART_Init
 .text.HAL_UART_MspInit
                0x08000b24       0xd4 Core\Src\usart.o
                0x08000b24                HAL_UART_MspInit
 .text.HAL_InitTick
                0x08000bf8       0x48 Drivers\STM32F1xx_HAL_Driver\Src\stm32f1xx_hal.o
                0x08000bf8                HAL_InitTick
 .text.HAL_Init
                0x08000c40       0x24 Drivers\STM32F1xx_HAL_Driver\Src\stm32f1xx_hal.o
                0x08000c40                HAL_Init
 .text.HAL_IncTick
                0x08000c64       0x18 Drivers\STM32F1xx_HAL_Driver\Src\stm32f1xx_hal.o
                0x08000c64                HAL_IncTick
 .text.HAL_GetTick
                0x08000c7c        0xc Drivers\STM32F1xx_HAL_Driver\Src\stm32f1xx_hal.o
                0x08000c7c                HAL_GetTick
 .text.HAL_Delay
                0x08000c88       0x24 Drivers\STM32F1xx_HAL_Driver\Src\stm32f1xx_hal.o
                0x08000c88                HAL_Delay
 .text.HAL_NVIC_SetPriorityGrouping
                0x08000cac       0x24 Drivers\STM32F1xx_HAL_Driver\Src\stm32f1xx_hal_cortex.o
                0x08000cac                HAL_NVIC_SetPriorityGrouping
 .text.HAL_NVIC_SetPriority
                0x08000cd0       0x68 Drivers\STM32F1xx_HAL_Driver\Src\stm32f1xx_hal_cortex.o
                0x08000cd0                HAL_NVIC_SetPriority
 .text.HAL_NVIC_EnableIRQ
                0x08000d38       0x1c Drivers\STM32F1xx_HAL_Driver\Src\stm32f1xx_hal_cortex.o
                0x08000d38                HAL_NVIC_EnableIRQ
 .text.HAL_SYSTICK_Config
                0x08000d54       0x2c Drivers\STM32F1xx_HAL_Driver\Src\stm32f1xx_hal_cortex.o
                0x08000d54                HAL_SYSTICK_Config
 .text.HAL_DMA_Abort_IT
                0x08000d80       0x90 Drivers\STM32F1xx_HAL_Driver\Src\stm32f1xx_hal_dma.o
                0x08000d80                HAL_DMA_Abort_IT
 .text.HAL_GPIO_Init
                0x08000e10      0x1c4 Drivers\STM32F1xx_HAL_Driver\Src\stm32f1xx_hal_gpio.o
                0x08000e10                HAL_GPIO_Init
 .text.HAL_GPIO_ReadPin
                0x08000fd4        0xc Drivers\STM32F1xx_HAL_Driver\Src\stm32f1xx_hal_gpio.o
                0x08000fd4                HAL_GPIO_ReadPin
 .text.HAL_GPIO_WritePin
                0x08000fe0        0xa Drivers\STM32F1xx_HAL_Driver\Src\stm32f1xx_hal_gpio.o
                0x08000fe0                HAL_GPIO_WritePin
 .text.HAL_GPIO_EXTI_Callback
                0x08000fea        0x2 Drivers\STM32F1xx_HAL_Driver\Src\stm32f1xx_hal_gpio.o
                0x08000fea                HAL_GPIO_EXTI_Callback
 .text.HAL_GPIO_EXTI_IRQHandler
                0x08000fec       0x18 Drivers\STM32F1xx_HAL_Driver\Src\stm32f1xx_hal_gpio.o
                0x08000fec                HAL_GPIO_EXTI_IRQHandler
 .text.HAL_RCC_OscConfig
                0x08001004      0x33c Drivers\STM32F1xx_HAL_Driver\Src\stm32f1xx_hal_rcc.o
                0x08001004                HAL_RCC_OscConfig
 .text.HAL_RCC_GetSysClockFreq
                0x08001340       0x78 Drivers\STM32F1xx_HAL_Driver\Src\stm32f1xx_hal_rcc.o
                0x08001340                HAL_RCC_GetSysClockFreq
 .text.HAL_RCC_ClockConfig
                0x080013b8      0x13c Drivers\STM32F1xx_HAL_Driver\Src\stm32f1xx_hal_rcc.o
                0x080013b8                HAL_RCC_ClockConfig
 .text.HAL_RCC_GetPCLK1Freq
                0x080014f4       0x20 Drivers\STM32F1xx_HAL_Driver\Src\stm32f1xx_hal_rcc.o
                0x080014f4                HAL_RCC_GetPCLK1Freq
 .text.HAL_RCC_GetPCLK2Freq
                0x08001514       0x20 Drivers\STM32F1xx_HAL_Driver\Src\stm32f1xx_hal_rcc.o
                0x08001514                HAL_RCC_GetPCLK2Freq
 .text.TIM_OC1_SetConfig
                0x08001534       0x50 Drivers\STM32F1xx_HAL_Driver\Src\stm32f1xx_hal_tim.o
 .text.TIM_OC3_SetConfig
                0x08001584       0x54 Drivers\STM32F1xx_HAL_Driver\Src\stm32f1xx_hal_tim.o
 .text.TIM_OC4_SetConfig
                0x080015d8       0x44 Drivers\STM32F1xx_HAL_Driver\Src\stm32f1xx_hal_tim.o
 .text.HAL_TIM_Base_Start
                0x0800161c       0x24 Drivers\STM32F1xx_HAL_Driver\Src\stm32f1xx_hal_tim.o
                0x0800161c                HAL_TIM_Base_Start
 .text.HAL_TIM_PWM_MspInit
                0x08001640        0x2 Drivers\STM32F1xx_HAL_Driver\Src\stm32f1xx_hal_tim.o
                0x08001640                HAL_TIM_PWM_MspInit
 *fill*         0x08001642        0x2 
 .text.TIM_Base_SetConfig
                0x08001644       0x70 Drivers\STM32F1xx_HAL_Driver\Src\stm32f1xx_hal_tim.o
                0x08001644                TIM_Base_SetConfig
 .text.HAL_TIM_Base_Init
                0x080016b4       0x34 Drivers\STM32F1xx_HAL_Driver\Src\stm32f1xx_hal_tim.o
                0x080016b4                HAL_TIM_Base_Init
 .text.HAL_TIM_PWM_Init
                0x080016e8       0x34 Drivers\STM32F1xx_HAL_Driver\Src\stm32f1xx_hal_tim.o
                0x080016e8                HAL_TIM_PWM_Init
 .text.TIM_OC2_SetConfig
                0x0800171c       0x58 Drivers\STM32F1xx_HAL_Driver\Src\stm32f1xx_hal_tim.o
                0x0800171c                TIM_OC2_SetConfig
 .text.HAL_TIM_PWM_ConfigChannel
                0x08001774       0xc4 Drivers\STM32F1xx_HAL_Driver\Src\stm32f1xx_hal_tim.o
                0x08001774                HAL_TIM_PWM_ConfigChannel
 .text.TIM_ETR_SetConfig
                0x08001838       0x14 Drivers\STM32F1xx_HAL_Driver\Src\stm32f1xx_hal_tim.o
                0x08001838                TIM_ETR_SetConfig
 .text.HAL_TIM_ConfigClockSource
                0x0800184c      0x128 Drivers\STM32F1xx_HAL_Driver\Src\stm32f1xx_hal_tim.o
                0x0800184c                HAL_TIM_ConfigClockSource
 .text.TIM_CCxChannelCmd
                0x08001974       0x1c Drivers\STM32F1xx_HAL_Driver\Src\stm32f1xx_hal_tim.o
                0x08001974                TIM_CCxChannelCmd
 .text.HAL_TIM_PWM_Start
                0x08001990       0x38 Drivers\STM32F1xx_HAL_Driver\Src\stm32f1xx_hal_tim.o
                0x08001990                HAL_TIM_PWM_Start
 .text.HAL_TIMEx_MasterConfigSynchronization
                0x080019c8       0x3c Drivers\STM32F1xx_HAL_Driver\Src\stm32f1xx_hal_tim_ex.o
                0x080019c8                HAL_TIMEx_MasterConfigSynchronization
 .text.UART_EndRxTransfer
                0x08001a04       0x1a Drivers\STM32F1xx_HAL_Driver\Src\stm32f1xx_hal_uart.o
 *fill*         0x08001a1e        0x2 
 .text.UART_SetConfig
                0x08001a20       0x74 Drivers\STM32F1xx_HAL_Driver\Src\stm32f1xx_hal_uart.o
 .text.HAL_UART_Init
                0x08001a94       0x5c Drivers\STM32F1xx_HAL_Driver\Src\stm32f1xx_hal_uart.o
                0x08001a94                HAL_UART_Init
 .text.HAL_UART_Transmit_IT
                0x08001af0       0x3e Drivers\STM32F1xx_HAL_Driver\Src\stm32f1xx_hal_uart.o
                0x08001af0                HAL_UART_Transmit_IT
 .text.HAL_UART_Receive_IT
                0x08001b2e       0x4e Drivers\STM32F1xx_HAL_Driver\Src\stm32f1xx_hal_uart.o
                0x08001b2e                HAL_UART_Receive_IT
 .text.HAL_UART_TxCpltCallback
                0x08001b7c        0x2 Drivers\STM32F1xx_HAL_Driver\Src\stm32f1xx_hal_uart.o
                0x08001b7c                HAL_UART_TxCpltCallback
 .text.UART_Receive_IT
                0x08001b7e       0x7c Drivers\STM32F1xx_HAL_Driver\Src\stm32f1xx_hal_uart.o
 .text.HAL_UART_ErrorCallback
                0x08001bfa        0x2 Drivers\STM32F1xx_HAL_Driver\Src\stm32f1xx_hal_uart.o
                0x08001bfa                HAL_UART_ErrorCallback
 .text.HAL_UART_IRQHandler
                0x08001bfc      0x140 Drivers\STM32F1xx_HAL_Driver\Src\stm32f1xx_hal_uart.o
                0x08001bfc                HAL_UART_IRQHandler
 .text.UART_DMAAbortOnError
                0x08001d3c       0x10 Drivers\STM32F1xx_HAL_Driver\Src\stm32f1xx_hal_uart.o
 .text.Reset_Handler
                0x08001d4c       0x48 startup\startup_stm32f103xb.o
                0x08001d4c                Reset_Handler
 .text.Default_Handler
                0x08001d94        0x2 startup\startup_stm32f103xb.o
                0x08001d94                RTC_Alarm_IRQHandler
                0x08001d94                EXTI2_IRQHandler
                0x08001d94                TIM1_CC_IRQHandler
                0x08001d94                PVD_IRQHandler
                0x08001d94                EXTI3_IRQHandler
                0x08001d94                EXTI0_IRQHandler
                0x08001d94                I2C2_EV_IRQHandler
                0x08001d94                ADC1_2_IRQHandler
                0x08001d94                SPI1_IRQHandler
                0x08001d94                TAMPER_IRQHandler
                0x08001d94                DMA1_Channel4_IRQHandler
                0x08001d94                RTC_IRQHandler
                0x08001d94                DMA1_Channel7_IRQHandler
                0x08001d94                CAN1_RX1_IRQHandler
                0x08001d94                TIM4_IRQHandler
                0x08001d94                I2C1_EV_IRQHandler
                0x08001d94                DMA1_Channel6_IRQHandler
                0x08001d94                TIM3_IRQHandler
                0x08001d94                RCC_IRQHandler
                0x08001d94                TIM1_TRG_COM_IRQHandler
                0x08001d94                DMA1_Channel1_IRQHandler
                0x08001d94                Default_Handler
                0x08001d94                EXTI9_5_IRQHandler
                0x08001d94                SPI2_IRQHandler
                0x08001d94                DMA1_Channel5_IRQHandler
                0x08001d94                EXTI4_IRQHandler
                0x08001d94                USB_LP_CAN1_RX0_IRQHandler
                0x08001d94                USB_HP_CAN1_TX_IRQHandler
                0x08001d94                DMA1_Channel3_IRQHandler
                0x08001d94                TIM1_UP_IRQHandler
                0x08001d94                WWDG_IRQHandler
                0x08001d94                TIM2_IRQHandler
                0x08001d94                TIM1_BRK_IRQHandler
                0x08001d94                EXTI1_IRQHandler
                0x08001d94                USART2_IRQHandler
                0x08001d94                I2C2_ER_IRQHandler
                0x08001d94                DMA1_Channel2_IRQHandler
                0x08001d94                CAN1_SCE_IRQHandler
                0x08001d94                FLASH_IRQHandler
                0x08001d94                USART1_IRQHandler
                0x08001d94                I2C1_ER_IRQHandler
                0x08001d94                USBWakeUp_IRQHandler
 *fill*         0x08001d96        0x2 
 .text.__errno  0x08001d98        0xc d:/program files/atollic/truestudio for stm32 9.3.0/armtools/bin/../lib/gcc/arm-atollic-eabi/6.3.1/../../../../arm-atollic-eabi/lib/armv7-m\libc_nano.a(lib_a-errno.o)
                0x08001d98                __errno
 .text.__libc_init_array
                0x08001da4       0x48 d:/program files/atollic/truestudio for stm32 9.3.0/armtools/bin/../lib/gcc/arm-atollic-eabi/6.3.1/../../../../arm-atollic-eabi/lib/armv7-m\libc_nano.a(lib_a-init.o)
                0x08001da4                __libc_init_array
 .text.memset   0x08001dec       0x10 d:/program files/atollic/truestudio for stm32 9.3.0/armtools/bin/../lib/gcc/arm-atollic-eabi/6.3.1/../../../../arm-atollic-eabi/lib/armv7-m\libc_nano.a(lib_a-memset.o)
                0x08001dec                memset
 .text.sprintf  0x08001dfc       0x48 d:/program files/atollic/truestudio for stm32 9.3.0/armtools/bin/../lib/gcc/arm-atollic-eabi/6.3.1/../../../../arm-atollic-eabi/lib/armv7-m\libc_nano.a(lib_a-sprintf.o)
                0x08001dfc                siprintf
                0x08001dfc                sprintf
 .text.__ssputs_r
                0x08001e44       0xb6 d:/program files/atollic/truestudio for stm32 9.3.0/armtools/bin/../lib/gcc/arm-atollic-eabi/6.3.1/../../../../arm-atollic-eabi/lib/armv7-m\libc_nano.a(lib_a-nano-svfprintf.o)
                0x08001e44                __ssputs_r
 *fill*         0x08001efa        0x2 
 .text._svfprintf_r
                0x08001efc      0x1e8 d:/program files/atollic/truestudio for stm32 9.3.0/armtools/bin/../lib/gcc/arm-atollic-eabi/6.3.1/../../../../arm-atollic-eabi/lib/armv7-m\libc_nano.a(lib_a-nano-svfprintf.o)
                0x08001efc                _svfiprintf_r
                0x08001efc                _svfprintf_r
 .text._printf_common
                0x080020e4       0xee d:/program files/atollic/truestudio for stm32 9.3.0/armtools/bin/../lib/gcc/arm-atollic-eabi/6.3.1/../../../../arm-atollic-eabi/lib/armv7-m\libc_nano.a(lib_a-nano-vfprintf_i.o)
                0x080020e4                _printf_common
 *fill*         0x080021d2        0x2 
 .text._printf_i
                0x080021d4      0x240 d:/program files/atollic/truestudio for stm32 9.3.0/armtools/bin/../lib/gcc/arm-atollic-eabi/6.3.1/../../../../arm-atollic-eabi/lib/armv7-m\libc_nano.a(lib_a-nano-vfprintf_i.o)
                0x080021d4                _printf_i
 .text.memchr   0x08002414       0x1c d:/program files/atollic/truestudio for stm32 9.3.0/armtools/bin/../lib/gcc/arm-atollic-eabi/6.3.1/../../../../arm-atollic-eabi/lib/armv7-m\libc_nano.a(lib_a-memchr-stub.o)
                0x08002414                memchr
 .text.memcpy   0x08002430       0x16 d:/program files/atollic/truestudio for stm32 9.3.0/armtools/bin/../lib/gcc/arm-atollic-eabi/6.3.1/../../../../arm-atollic-eabi/lib/armv7-m\libc_nano.a(lib_a-memcpy-stub.o)
                0x08002430                memcpy
 .text.memmove  0x08002446       0x34 d:/program files/atollic/truestudio for stm32 9.3.0/armtools/bin/../lib/gcc/arm-atollic-eabi/6.3.1/../../../../arm-atollic-eabi/lib/armv7-m\libc_nano.a(lib_a-memmove.o)
                0x08002446                memmove
 *fill*         0x0800247a        0x2 
 .text._free_r  0x0800247c       0x98 d:/program files/atollic/truestudio for stm32 9.3.0/armtools/bin/../lib/gcc/arm-atollic-eabi/6.3.1/../../../../arm-atollic-eabi/lib/armv7-m\libc_nano.a(lib_a-nano-freer.o)
                0x0800247c                _free_r
 .text._malloc_r
                0x08002514       0xbc d:/program files/atollic/truestudio for stm32 9.3.0/armtools/bin/../lib/gcc/arm-atollic-eabi/6.3.1/../../../../arm-atollic-eabi/lib/armv7-m\libc_nano.a(lib_a-nano-mallocr.o)
                0x08002514                _malloc_r
 .text._realloc_r
                0x080025d0       0x4c d:/program files/atollic/truestudio for stm32 9.3.0/armtools/bin/../lib/gcc/arm-atollic-eabi/6.3.1/../../../../arm-atollic-eabi/lib/armv7-m\libc_nano.a(lib_a-nano-reallocr.o)
                0x080025d0                _realloc_r
 .text._sbrk_r  0x0800261c       0x20 d:/program files/atollic/truestudio for stm32 9.3.0/armtools/bin/../lib/gcc/arm-atollic-eabi/6.3.1/../../../../arm-atollic-eabi/lib/armv7-m\libc_nano.a(lib_a-sbrkr.o)
                0x0800261c                _sbrk_r
 .text.__malloc_lock
                0x0800263c        0x2 d:/program files/atollic/truestudio for stm32 9.3.0/armtools/bin/../lib/gcc/arm-atollic-eabi/6.3.1/../../../../arm-atollic-eabi/lib/armv7-m\libc_nano.a(lib_a-mlock.o)
                0x0800263c                __malloc_lock
 .text.__malloc_unlock
                0x0800263e        0x2 d:/program files/atollic/truestudio for stm32 9.3.0/armtools/bin/../lib/gcc/arm-atollic-eabi/6.3.1/../../../../arm-atollic-eabi/lib/armv7-m\libc_nano.a(lib_a-mlock.o)
                0x0800263e                __malloc_unlock
 .text._malloc_usable_size_r
                0x08002640       0x12 d:/program files/atollic/truestudio for stm32 9.3.0/armtools/bin/../lib/gcc/arm-atollic-eabi/6.3.1/../../../../arm-atollic-eabi/lib/armv7-m\libc_nano.a(lib_a-nano-msizer.o)
                0x08002640                _malloc_usable_size_r
 *(.glue_7)
 .glue_7        0x08002652        0x0 linker stubs
 *(.glue_7t)
 .glue_7t       0x08002652        0x0 linker stubs
 *(.eh_frame)
 *fill*         0x08002652        0x2 
 .eh_frame      0x08002654        0x0 d:/program files/atollic/truestudio for stm32 9.3.0/armtools/bin/../lib/gcc/arm-atollic-eabi/6.3.1/armv7-m/crtbegin.o
 *(.init)
 .init          0x08002654        0x4 d:/program files/atollic/truestudio for stm32 9.3.0/armtools/bin/../lib/gcc/arm-atollic-eabi/6.3.1/armv7-m/crti.o
                0x08002654                _init
 .init          0x08002658        0x8 d:/program files/atollic/truestudio for stm32 9.3.0/armtools/bin/../lib/gcc/arm-atollic-eabi/6.3.1/armv7-m/crtn.o
 *(.fini)
 .fini          0x08002660        0x4 d:/program files/atollic/truestudio for stm32 9.3.0/armtools/bin/../lib/gcc/arm-atollic-eabi/6.3.1/armv7-m/crti.o
                0x08002660                _fini
 .fini          0x08002664        0x8 d:/program files/atollic/truestudio for stm32 9.3.0/armtools/bin/../lib/gcc/arm-atollic-eabi/6.3.1/armv7-m/crtn.o
                0x0800266c                . = ALIGN (0x4)
                0x0800266c                _etext = .

.vfp11_veneer   0x0800266c        0x0
 .vfp11_veneer  0x0800266c        0x0 linker stubs

.v4_bx          0x0800266c        0x0
 .v4_bx         0x0800266c        0x0 linker stubs

.iplt           0x0800266c        0x0
 .iplt          0x0800266c        0x0 d:/program files/atollic/truestudio for stm32 9.3.0/armtools/bin/../lib/gcc/arm-atollic-eabi/6.3.1/armv7-m/crtbegin.o

.rodata         0x0800266c       0xa4
                0x0800266c                . = ALIGN (0x4)
 *(.rodata)
 .rodata        0x0800266c       0x10 Drivers\STM32F1xx_HAL_Driver\Src\stm32f1xx_hal_rcc.o
 *(.rodata*)
 .rodata.main.str1.1
                0x0800267c       0x47 Core\Src\main.o
 .rodata.AHBPrescTable
                0x080026c3       0x10 Core\Src\system_stm32f1xx.o
                0x080026c3                AHBPrescTable
 .rodata.APBPrescTable
                0x080026d3        0x8 Core\Src\system_stm32f1xx.o
                0x080026d3                APBPrescTable
 .rodata._svfprintf_r.str1.1
                0x080026db       0x11 d:/program files/atollic/truestudio for stm32 9.3.0/armtools/bin/../lib/gcc/arm-atollic-eabi/6.3.1/../../../../arm-atollic-eabi/lib/armv7-m\libc_nano.a(lib_a-nano-svfprintf.o)
 .rodata._printf_i.str1.1
                0x080026ec       0x22 d:/program files/atollic/truestudio for stm32 9.3.0/armtools/bin/../lib/gcc/arm-atollic-eabi/6.3.1/../../../../arm-atollic-eabi/lib/armv7-m\libc_nano.a(lib_a-nano-vfprintf_i.o)
                0x08002710                . = ALIGN (0x4)
 *fill*         0x0800270e        0x2 

.rel.dyn        0x08002710        0x0
 .rel.iplt      0x08002710        0x0 d:/program files/atollic/truestudio for stm32 9.3.0/armtools/bin/../lib/gcc/arm-atollic-eabi/6.3.1/armv7-m/crtbegin.o

.ARM.extab
 *(.ARM.extab* .gnu.linkonce.armextab.*)

.ARM            0x08002710        0x0
                0x08002710                __exidx_start = .
 *(.ARM.exidx*)
                0x08002710                __exidx_end = .

.preinit_array  0x08002710        0x0
                0x08002710                PROVIDE (__preinit_array_start, .)
 *(.preinit_array*)
                0x08002710                PROVIDE (__preinit_array_end, .)

.init_array     0x08002710        0x4
                0x08002710                PROVIDE (__init_array_start, .)
 *(SORT(.init_array.*))
 *(.init_array*)
 .init_array    0x08002710        0x4 d:/program files/atollic/truestudio for stm32 9.3.0/armtools/bin/../lib/gcc/arm-atollic-eabi/6.3.1/armv7-m/crtbegin.o
                0x08002714                PROVIDE (__init_array_end, .)

.fini_array     0x08002714        0x4
                [!provide]                PROVIDE (__fini_array_start, .)
 *(SORT(.fini_array.*))
 *(.fini_array*)
 .fini_array    0x08002714        0x4 d:/program files/atollic/truestudio for stm32 9.3.0/armtools/bin/../lib/gcc/arm-atollic-eabi/6.3.1/armv7-m/crtbegin.o
                [!provide]                PROVIDE (__fini_array_end, .)
                0x08002718                _sidata = LOADADDR (.data)

.data           0x20000000       0x70 load address 0x08002718
                0x20000000                . = ALIGN (0x4)
                0x20000000                _sdata = .
 *(.data)
 *(.data*)
 .data.SystemCoreClock
                0x20000000        0x4 Core\Src\system_stm32f1xx.o
                0x20000000                SystemCoreClock
 .data.uwTickFreq
                0x20000004        0x1 Drivers\STM32F1xx_HAL_Driver\Src\stm32f1xx_hal.o
                0x20000004                uwTickFreq
 *fill*         0x20000005        0x3 
 .data.uwTickPrio
                0x20000008        0x4 Drivers\STM32F1xx_HAL_Driver\Src\stm32f1xx_hal.o
                0x20000008                uwTickPrio
 .data._impure_ptr
                0x2000000c        0x4 d:/program files/atollic/truestudio for stm32 9.3.0/armtools/bin/../lib/gcc/arm-atollic-eabi/6.3.1/../../../../arm-atollic-eabi/lib/armv7-m\libc_nano.a(lib_a-impure.o)
                0x2000000c                _impure_ptr
 .data.impure_data
                0x20000010       0x60 d:/program files/atollic/truestudio for stm32 9.3.0/armtools/bin/../lib/gcc/arm-atollic-eabi/6.3.1/../../../../arm-atollic-eabi/lib/armv7-m\libc_nano.a(lib_a-impure.o)
                0x20000070                . = ALIGN (0x4)
                0x20000070                _edata = .

.igot.plt       0x20000070        0x0 load address 0x08002788
 .igot.plt      0x20000070        0x0 d:/program files/atollic/truestudio for stm32 9.3.0/armtools/bin/../lib/gcc/arm-atollic-eabi/6.3.1/armv7-m/crtbegin.o
                0x20000070                . = ALIGN (0x4)

.bss            0x20000070      0x1f0 load address 0x08002788
                0x20000070                _sbss = .
                0x20000070                __bss_start__ = _sbss
 *(.bss)
 .bss           0x20000070       0x1c d:/program files/atollic/truestudio for stm32 9.3.0/armtools/bin/../lib/gcc/arm-atollic-eabi/6.3.1/armv7-m/crtbegin.o
 *(.bss*)
 .bss.Ierror    0x2000008c        0x2 Core\Src\main.o
                0x2000008c                Ierror
 .bss.check_s   0x2000008e        0x1 Core\Src\main.o
                0x2000008e                check_s
 *fill*         0x2000008f        0x1 
 .bss.last_T    0x20000090        0x2 Core\Src\main.o
                0x20000090                last_T
 .bss.n         0x20000092        0x1 Core\Src\main.o
                0x20000092                n
 *fill*         0x20000093        0x1 
 .bss.send_time
                0x20000094        0x2 Core\Src\main.o
                0x20000094                send_time
 .bss.size      0x20000096        0x2 Core\Src\main.o
                0x20000096                size
 .bss.time      0x20000098        0x2 Core\Src\main.o
                0x20000098                time
 *fill*         0x2000009a        0x2 
 .bss.heap_end.5887
                0x2000009c        0x4 Core\Src\syscalls.o
 .bss.__malloc_free_list
                0x200000a0        0x4 d:/program files/atollic/truestudio for stm32 9.3.0/armtools/bin/../lib/gcc/arm-atollic-eabi/6.3.1/../../../../arm-atollic-eabi/lib/armv7-m\libc_nano.a(lib_a-nano-mallocr.o)
                0x200000a0                __malloc_free_list
 .bss.__malloc_sbrk_start
                0x200000a4        0x4 d:/program files/atollic/truestudio for stm32 9.3.0/armtools/bin/../lib/gcc/arm-atollic-eabi/6.3.1/../../../../arm-atollic-eabi/lib/armv7-m\libc_nano.a(lib_a-nano-mallocr.o)
                0x200000a4                __malloc_sbrk_start
 *(COMMON)
 COMMON         0x200000a8       0xb0 Core\Src\main.o
                0x200000a8                Received
                0x200000aa                Temp
                0x200000ae                RH
                0x200000b2                data
                0x20000148                Ti
                0x2000014c                Kp
                0x20000150                Td
                0x20000154                set
 COMMON         0x20000158       0x80 Core\Src\tim.o
                0x20000158                htim1
                0x20000198                htim2
 COMMON         0x200001d8       0x80 Core\Src\usart.o
                0x200001d8                huart3
                0x20000218                huart2
 COMMON         0x20000258        0x4 Drivers\STM32F1xx_HAL_Driver\Src\stm32f1xx_hal.o
                0x20000258                uwTick
 COMMON         0x2000025c        0x4 d:/program files/atollic/truestudio for stm32 9.3.0/armtools/bin/../lib/gcc/arm-atollic-eabi/6.3.1/../../../../arm-atollic-eabi/lib/armv7-m\libc_nano.a(lib_a-reent.o)
                0x2000025c                errno
                0x20000260                . = ALIGN (0x4)
                0x20000260                _ebss = .
                0x20000260                __bss_end__ = _ebss

._user_heap_stack
                0x20000260      0x600 load address 0x08002788
                0x20000260                . = ALIGN (0x4)
                0x20000260                PROVIDE (end, .)
                [!provide]                PROVIDE (_end, .)
                0x20000460                . = (. + _Min_Heap_Size)
 *fill*         0x20000260      0x200 
                0x20000860                . = (. + _Min_Stack_Size)
 *fill*         0x20000460      0x400 
                0x20000860                . = ALIGN (0x4)

/DISCARD/
 libc.a(*)
 libm.a(*)
 libgcc.a(*)

.ARM.attributes
                0x00000000       0x29
 *(.ARM.attributes)
 .ARM.attributes
                0x00000000       0x1d d:/program files/atollic/truestudio for stm32 9.3.0/armtools/bin/../lib/gcc/arm-atollic-eabi/6.3.1/armv7-m/crti.o
 .ARM.attributes
                0x0000001d       0x2d d:/program files/atollic/truestudio for stm32 9.3.0/armtools/bin/../lib/gcc/arm-atollic-eabi/6.3.1/armv7-m/crtbegin.o
 .ARM.attributes
                0x0000004a       0x33 Core\Src\PID.o
 .ARM.attributes
                0x0000007d       0x33 Core\Src\delay.o
 .ARM.attributes
                0x000000b0       0x33 Core\Src\dht.o
 .ARM.attributes
                0x000000e3       0x33 Core\Src\gpio.o
 .ARM.attributes
                0x00000116       0x33 Core\Src\main.o
 .ARM.attributes
                0x00000149       0x33 Core\Src\stm32f1xx_hal_msp.o
 .ARM.attributes
                0x0000017c       0x33 Core\Src\stm32f1xx_it.o
 .ARM.attributes
                0x000001af       0x33 Core\Src\syscalls.o
 .ARM.attributes
                0x000001e2       0x33 Core\Src\system_stm32f1xx.o
 .ARM.attributes
                0x00000215       0x33 Core\Src\tim.o
 .ARM.attributes
                0x00000248       0x33 Core\Src\usart.o
 .ARM.attributes
                0x0000027b       0x33 Drivers\STM32F1xx_HAL_Driver\Src\stm32f1xx_hal.o
 .ARM.attributes
                0x000002ae       0x33 Drivers\STM32F1xx_HAL_Driver\Src\stm32f1xx_hal_cortex.o
 .ARM.attributes
                0x000002e1       0x33 Drivers\STM32F1xx_HAL_Driver\Src\stm32f1xx_hal_dma.o
 .ARM.attributes
                0x00000314       0x33 Drivers\STM32F1xx_HAL_Driver\Src\stm32f1xx_hal_gpio.o
 .ARM.attributes
                0x00000347       0x33 Drivers\STM32F1xx_HAL_Driver\Src\stm32f1xx_hal_rcc.o
 .ARM.attributes
                0x0000037a       0x33 Drivers\STM32F1xx_HAL_Driver\Src\stm32f1xx_hal_tim.o
 .ARM.attributes
                0x000003ad       0x33 Drivers\STM32F1xx_HAL_Driver\Src\stm32f1xx_hal_tim_ex.o
 .ARM.attributes
                0x000003e0       0x33 Drivers\STM32F1xx_HAL_Driver\Src\stm32f1xx_hal_uart.o
 .ARM.attributes
                0x00000413       0x21 startup\startup_stm32f103xb.o
 .ARM.attributes
                0x00000434       0x2d d:/program files/atollic/truestudio for stm32 9.3.0/armtools/bin/../lib/gcc/arm-atollic-eabi/6.3.1/../../../../arm-atollic-eabi/lib/armv7-m\libc_nano.a(lib_a-errno.o)
 .ARM.attributes
                0x00000461       0x2d d:/program files/atollic/truestudio for stm32 9.3.0/armtools/bin/../lib/gcc/arm-atollic-eabi/6.3.1/../../../../arm-atollic-eabi/lib/armv7-m\libc_nano.a(lib_a-impure.o)
 .ARM.attributes
                0x0000048e       0x2d d:/program files/atollic/truestudio for stm32 9.3.0/armtools/bin/../lib/gcc/arm-atollic-eabi/6.3.1/../../../../arm-atollic-eabi/lib/armv7-m\libc_nano.a(lib_a-init.o)
 .ARM.attributes
                0x000004bb       0x2d d:/program files/atollic/truestudio for stm32 9.3.0/armtools/bin/../lib/gcc/arm-atollic-eabi/6.3.1/../../../../arm-atollic-eabi/lib/armv7-m\libc_nano.a(lib_a-memset.o)
 .ARM.attributes
                0x000004e8       0x2d d:/program files/atollic/truestudio for stm32 9.3.0/armtools/bin/../lib/gcc/arm-atollic-eabi/6.3.1/../../../../arm-atollic-eabi/lib/armv7-m\libc_nano.a(lib_a-sprintf.o)
 .ARM.attributes
                0x00000515       0x2d d:/program files/atollic/truestudio for stm32 9.3.0/armtools/bin/../lib/gcc/arm-atollic-eabi/6.3.1/../../../../arm-atollic-eabi/lib/armv7-m\libc_nano.a(lib_a-nano-svfprintf.o)
 .ARM.attributes
                0x00000542       0x2d d:/program files/atollic/truestudio for stm32 9.3.0/armtools/bin/../lib/gcc/arm-atollic-eabi/6.3.1/../../../../arm-atollic-eabi/lib/armv7-m\libc_nano.a(lib_a-nano-vfprintf_i.o)
 .ARM.attributes
                0x0000056f       0x2d d:/program files/atollic/truestudio for stm32 9.3.0/armtools/bin/../lib/gcc/arm-atollic-eabi/6.3.1/../../../../arm-atollic-eabi/lib/armv7-m\libc_nano.a(lib_a-memchr-stub.o)
 .ARM.attributes
                0x0000059c       0x2d d:/program files/atollic/truestudio for stm32 9.3.0/armtools/bin/../lib/gcc/arm-atollic-eabi/6.3.1/../../../../arm-atollic-eabi/lib/armv7-m\libc_nano.a(lib_a-memcpy-stub.o)
 .ARM.attributes
                0x000005c9       0x2d d:/program files/atollic/truestudio for stm32 9.3.0/armtools/bin/../lib/gcc/arm-atollic-eabi/6.3.1/../../../../arm-atollic-eabi/lib/armv7-m\libc_nano.a(lib_a-memmove.o)
 .ARM.attributes
                0x000005f6       0x2d d:/program files/atollic/truestudio for stm32 9.3.0/armtools/bin/../lib/gcc/arm-atollic-eabi/6.3.1/../../../../arm-atollic-eabi/lib/armv7-m\libc_nano.a(lib_a-nano-freer.o)
 .ARM.attributes
                0x00000623       0x2d d:/program files/atollic/truestudio for stm32 9.3.0/armtools/bin/../lib/gcc/arm-atollic-eabi/6.3.1/../../../../arm-atollic-eabi/lib/armv7-m\libc_nano.a(lib_a-nano-mallocr.o)
 .ARM.attributes
                0x00000650       0x2d d:/program files/atollic/truestudio for stm32 9.3.0/armtools/bin/../lib/gcc/arm-atollic-eabi/6.3.1/../../../../arm-atollic-eabi/lib/armv7-m\libc_nano.a(lib_a-nano-reallocr.o)
 .ARM.attributes
                0x0000067d       0x2d d:/program files/atollic/truestudio for stm32 9.3.0/armtools/bin/../lib/gcc/arm-atollic-eabi/6.3.1/../../../../arm-atollic-eabi/lib/armv7-m\libc_nano.a(lib_a-sbrkr.o)
 .ARM.attributes
                0x000006aa       0x2d d:/program files/atollic/truestudio for stm32 9.3.0/armtools/bin/../lib/gcc/arm-atollic-eabi/6.3.1/../../../../arm-atollic-eabi/lib/armv7-m\libc_nano.a(lib_a-mlock.o)
 .ARM.attributes
                0x000006d7       0x2d d:/program files/atollic/truestudio for stm32 9.3.0/armtools/bin/../lib/gcc/arm-atollic-eabi/6.3.1/../../../../arm-atollic-eabi/lib/armv7-m\libc_nano.a(lib_a-nano-msizer.o)
 .ARM.attributes
                0x00000704       0x2d d:/program files/atollic/truestudio for stm32 9.3.0/armtools/bin/../lib/gcc/arm-atollic-eabi/6.3.1/../../../../arm-atollic-eabi/lib/armv7-m\libc_nano.a(lib_a-reent.o)
 .ARM.attributes
                0x00000731       0x1d d:/program files/atollic/truestudio for stm32 9.3.0/armtools/bin/../lib/gcc/arm-atollic-eabi/6.3.1/armv7-m/crtn.o
OUTPUT(DHT11.elf elf32-littlearm)

.debug_info     0x00000000     0xfd1e
 .debug_info    0x00000000      0x710 Core\Src\PID.o
 .debug_info    0x00000710      0x62c Core\Src\delay.o
 .debug_info    0x00000d3c     0x136f Core\Src\dht.o
 .debug_info    0x000020ab      0x60d Core\Src\gpio.o
 .debug_info    0x000026b8     0x16a9 Core\Src\main.o
 .debug_info    0x00003d61      0x2c0 Core\Src\stm32f1xx_hal_msp.o
 .debug_info    0x00004021      0x694 Core\Src\stm32f1xx_it.o
 .debug_info    0x000046b5      0xfe1 Core\Src\syscalls.o
 .debug_info    0x00005696      0x437 Core\Src\system_stm32f1xx.o
 .debug_info    0x00005acd      0xbd0 Core\Src\tim.o
 .debug_info    0x0000669d      0xadd Core\Src\usart.o
 .debug_info    0x0000717a      0x7cd Drivers\STM32F1xx_HAL_Driver\Src\stm32f1xx_hal.o
 .debug_info    0x00007947      0xca7 Drivers\STM32F1xx_HAL_Driver\Src\stm32f1xx_hal_cortex.o
 .debug_info    0x000085ee      0x837 Drivers\STM32F1xx_HAL_Driver\Src\stm32f1xx_hal_dma.o
 .debug_info    0x00008e25      0x691 Drivers\STM32F1xx_HAL_Driver\Src\stm32f1xx_hal_gpio.o
 .debug_info    0x000094b6      0xa01 Drivers\STM32F1xx_HAL_Driver\Src\stm32f1xx_hal_rcc.o
 .debug_info    0x00009eb7     0x34cc Drivers\STM32F1xx_HAL_Driver\Src\stm32f1xx_hal_tim.o
 .debug_info    0x0000d383     0x12fc Drivers\STM32F1xx_HAL_Driver\Src\stm32f1xx_hal_tim_ex.o
 .debug_info    0x0000e67f     0x1632 Drivers\STM32F1xx_HAL_Driver\Src\stm32f1xx_hal_uart.o
 .debug_info    0x0000fcb1       0x6d startup\startup_stm32f103xb.o

.debug_abbrev   0x00000000     0x2971
 .debug_abbrev  0x00000000      0x17b Core\Src\PID.o
 .debug_abbrev  0x0000017b      0x14a Core\Src\delay.o
 .debug_abbrev  0x000002c5      0x28b Core\Src\dht.o
 .debug_abbrev  0x00000550      0x182 Core\Src\gpio.o
 .debug_abbrev  0x000006d2      0x2dd Core\Src\main.o
 .debug_abbrev  0x000009af      0x100 Core\Src\stm32f1xx_hal_msp.o
 .debug_abbrev  0x00000aaf      0x1cb Core\Src\stm32f1xx_it.o
 .debug_abbrev  0x00000c7a      0x2d9 Core\Src\syscalls.o
 .debug_abbrev  0x00000f53      0x12f Core\Src\system_stm32f1xx.o
 .debug_abbrev  0x00001082      0x201 Core\Src\tim.o
 .debug_abbrev  0x00001283      0x204 Core\Src\usart.o
 .debug_abbrev  0x00001487      0x24a Drivers\STM32F1xx_HAL_Driver\Src\stm32f1xx_hal.o
 .debug_abbrev  0x000016d1      0x2f8 Drivers\STM32F1xx_HAL_Driver\Src\stm32f1xx_hal_cortex.o
 .debug_abbrev  0x000019c9      0x22d Drivers\STM32F1xx_HAL_Driver\Src\stm32f1xx_hal_dma.o
 .debug_abbrev  0x00001bf6      0x1e4 Drivers\STM32F1xx_HAL_Driver\Src\stm32f1xx_hal_gpio.o
 .debug_abbrev  0x00001dda      0x2c1 Drivers\STM32F1xx_HAL_Driver\Src\stm32f1xx_hal_rcc.o
 .debug_abbrev  0x0000209b      0x335 Drivers\STM32F1xx_HAL_Driver\Src\stm32f1xx_hal_tim.o
 .debug_abbrev  0x000023d0      0x29c Drivers\STM32F1xx_HAL_Driver\Src\stm32f1xx_hal_tim_ex.o
 .debug_abbrev  0x0000266c      0x2f3 Drivers\STM32F1xx_HAL_Driver\Src\stm32f1xx_hal_uart.o
 .debug_abbrev  0x0000295f       0x12 startup\startup_stm32f103xb.o

.debug_loc      0x00000000     0x694e
 .debug_loc     0x00000000      0x1e2 Core\Src\PID.o
 .debug_loc     0x000001e2      0x1a9 Core\Src\dht.o
 .debug_loc     0x0000038b       0x2c Core\Src\main.o
 .debug_loc     0x000003b7      0x3ef Core\Src\syscalls.o
 .debug_loc     0x000007a6       0xcd Core\Src\system_stm32f1xx.o
 .debug_loc     0x00000873       0x2c Core\Src\tim.o
 .debug_loc     0x0000089f       0x8a Core\Src\usart.o
 .debug_loc     0x00000929      0x10c Drivers\STM32F1xx_HAL_Driver\Src\stm32f1xx_hal.o
 .debug_loc     0x00000a35      0x487 Drivers\STM32F1xx_HAL_Driver\Src\stm32f1xx_hal_cortex.o
 .debug_loc     0x00000ebc      0x5ed Drivers\STM32F1xx_HAL_Driver\Src\stm32f1xx_hal_dma.o
 .debug_loc     0x000014a9      0x2f5 Drivers\STM32F1xx_HAL_Driver\Src\stm32f1xx_hal_gpio.o
 .debug_loc     0x0000179e      0x478 Drivers\STM32F1xx_HAL_Driver\Src\stm32f1xx_hal_rcc.o
 .debug_loc     0x00001c16     0x2f5a Drivers\STM32F1xx_HAL_Driver\Src\stm32f1xx_hal_tim.o
 .debug_loc     0x00004b70      0xa7c Drivers\STM32F1xx_HAL_Driver\Src\stm32f1xx_hal_tim_ex.o
 .debug_loc     0x000055ec     0x1362 Drivers\STM32F1xx_HAL_Driver\Src\stm32f1xx_hal_uart.o

.debug_aranges  0x00000000      0xa80
 .debug_aranges
                0x00000000       0x20 Core\Src\PID.o
 .debug_aranges
                0x00000020       0x20 Core\Src\delay.o
 .debug_aranges
                0x00000040       0x40 Core\Src\dht.o
 .debug_aranges
                0x00000080       0x20 Core\Src\gpio.o
 .debug_aranges
                0x000000a0       0x50 Core\Src\main.o
 .debug_aranges
                0x000000f0       0x20 Core\Src\stm32f1xx_hal_msp.o
 .debug_aranges
                0x00000110       0x58 Core\Src\stm32f1xx_it.o
 .debug_aranges
                0x00000168       0xb0 Core\Src\syscalls.o
 .debug_aranges
                0x00000218       0x28 Core\Src\system_stm32f1xx.o
 .debug_aranges
                0x00000240       0x40 Core\Src\tim.o
 .debug_aranges
                0x00000280       0x38 Core\Src\usart.o
 .debug_aranges
                0x000002b8       0xd8 Drivers\STM32F1xx_HAL_Driver\Src\stm32f1xx_hal.o
 .debug_aranges
                0x00000390       0x90 Drivers\STM32F1xx_HAL_Driver\Src\stm32f1xx_hal_cortex.o
 .debug_aranges
                0x00000420       0x78 Drivers\STM32F1xx_HAL_Driver\Src\stm32f1xx_hal_dma.o
 .debug_aranges
                0x00000498       0x58 Drivers\STM32F1xx_HAL_Driver\Src\stm32f1xx_hal_gpio.o
 .debug_aranges
                0x000004f0       0x88 Drivers\STM32F1xx_HAL_Driver\Src\stm32f1xx_hal_rcc.o
 .debug_aranges
                0x00000578      0x278 Drivers\STM32F1xx_HAL_Driver\Src\stm32f1xx_hal_tim.o
 .debug_aranges
                0x000007f0       0xf8 Drivers\STM32F1xx_HAL_Driver\Src\stm32f1xx_hal_tim_ex.o
 .debug_aranges
                0x000008e8      0x170 Drivers\STM32F1xx_HAL_Driver\Src\stm32f1xx_hal_uart.o
 .debug_aranges
                0x00000a58       0x28 startup\startup_stm32f103xb.o

.debug_ranges   0x00000000      0xca8
 .debug_ranges  0x00000000       0x10 Core\Src\PID.o
 .debug_ranges  0x00000010       0x10 Core\Src\delay.o
 .debug_ranges  0x00000020       0x30 Core\Src\dht.o
 .debug_ranges  0x00000050       0x88 Core\Src\gpio.o
 .debug_ranges  0x000000d8       0x40 Core\Src\main.o
 .debug_ranges  0x00000118       0x58 Core\Src\stm32f1xx_hal_msp.o
 .debug_ranges  0x00000170       0x48 Core\Src\stm32f1xx_it.o
 .debug_ranges  0x000001b8       0xa0 Core\Src\syscalls.o
 .debug_ranges  0x00000258       0x18 Core\Src\system_stm32f1xx.o
 .debug_ranges  0x00000270       0x50 Core\Src\tim.o
 .debug_ranges  0x000002c0       0x70 Core\Src\usart.o
 .debug_ranges  0x00000330       0xc8 Drivers\STM32F1xx_HAL_Driver\Src\stm32f1xx_hal.o
 .debug_ranges  0x000003f8      0x128 Drivers\STM32F1xx_HAL_Driver\Src\stm32f1xx_hal_cortex.o
 .debug_ranges  0x00000520       0xa8 Drivers\STM32F1xx_HAL_Driver\Src\stm32f1xx_hal_dma.o
 .debug_ranges  0x000005c8       0x60 Drivers\STM32F1xx_HAL_Driver\Src\stm32f1xx_hal_gpio.o
 .debug_ranges  0x00000628       0xa0 Drivers\STM32F1xx_HAL_Driver\Src\stm32f1xx_hal_rcc.o
 .debug_ranges  0x000006c8      0x348 Drivers\STM32F1xx_HAL_Driver\Src\stm32f1xx_hal_tim.o
 .debug_ranges  0x00000a10       0xe8 Drivers\STM32F1xx_HAL_Driver\Src\stm32f1xx_hal_tim_ex.o
 .debug_ranges  0x00000af8      0x190 Drivers\STM32F1xx_HAL_Driver\Src\stm32f1xx_hal_uart.o
 .debug_ranges  0x00000c88       0x20 startup\startup_stm32f103xb.o

.debug_line     0x00000000     0x5b4f
 .debug_line    0x00000000      0x252 Core\Src\PID.o
 .debug_line    0x00000252      0x22d Core\Src\delay.o
 .debug_line    0x0000047f      0x409 Core\Src\dht.o
 .debug_line    0x00000888      0x251 Core\Src\gpio.o
 .debug_line    0x00000ad9      0x4b8 Core\Src\main.o
 .debug_line    0x00000f91      0x1e5 Core\Src\stm32f1xx_hal_msp.o
 .debug_line    0x00001176      0x2c4 Core\Src\stm32f1xx_it.o
 .debug_line    0x0000143a      0x3ad Core\Src\syscalls.o
 .debug_line    0x000017e7      0x221 Core\Src\system_stm32f1xx.o
 .debug_line    0x00001a08      0x302 Core\Src\tim.o
 .debug_line    0x00001d0a      0x307 Core\Src\usart.o
 .debug_line    0x00002011      0x3df Drivers\STM32F1xx_HAL_Driver\Src\stm32f1xx_hal.o
 .debug_line    0x000023f0      0x3da Drivers\STM32F1xx_HAL_Driver\Src\stm32f1xx_hal_cortex.o
 .debug_line    0x000027ca      0x5ef Drivers\STM32F1xx_HAL_Driver\Src\stm32f1xx_hal_dma.o
 .debug_line    0x00002db9      0x39f Drivers\STM32F1xx_HAL_Driver\Src\stm32f1xx_hal_gpio.o
 .debug_line    0x00003158      0x576 Drivers\STM32F1xx_HAL_Driver\Src\stm32f1xx_hal_rcc.o
 .debug_line    0x000036ce     0x116d Drivers\STM32F1xx_HAL_Driver\Src\stm32f1xx_hal_tim.o
 .debug_line    0x0000483b      0x6c9 Drivers\STM32F1xx_HAL_Driver\Src\stm32f1xx_hal_tim_ex.o
 .debug_line    0x00004f04      0xbce Drivers\STM32F1xx_HAL_Driver\Src\stm32f1xx_hal_uart.o
 .debug_line    0x00005ad2       0x7d startup\startup_stm32f103xb.o

.debug_str      0x00000000     0x3ac9
 .debug_str     0x00000000      0x5e6 Core\Src\PID.o
                                0x68c (size before relaxing)
 .debug_str     0x000005e6       0x25 Core\Src\delay.o
                                0x647 (size before relaxing)
 .debug_str     0x0000060b      0x524 Core\Src\dht.o
                                0xbb8 (size before relaxing)
 .debug_str     0x00000b2f      0x37f Core\Src\gpio.o
                                0x652 (size before relaxing)
 .debug_str     0x00000eae      0x44c Core\Src\main.o
                                0xf71 (size before relaxing)
 .debug_str     0x000012fa       0x5a Core\Src\stm32f1xx_hal_msp.o
                                0x2f0 (size before relaxing)
 .debug_str     0x00001354      0x10b Core\Src\stm32f1xx_it.o
                                0x712 (size before relaxing)
 .debug_str     0x0000145f      0x251 Core\Src\syscalls.o
                                0x851 (size before relaxing)
 .debug_str     0x000016b0       0xa6 Core\Src\system_stm32f1xx.o
                                0x345 (size before relaxing)
 .debug_str     0x00001756      0x1ea Core\Src\tim.o
                                0x904 (size before relaxing)
 .debug_str     0x00001940       0x75 Core\Src\usart.o
                                0xa65 (size before relaxing)
 .debug_str     0x000019b5      0x278 Drivers\STM32F1xx_HAL_Driver\Src\stm32f1xx_hal.o
                                0x85e (size before relaxing)
 .debug_str     0x00001c2d      0x32b Drivers\STM32F1xx_HAL_Driver\Src\stm32f1xx_hal_cortex.o
                                0x980 (size before relaxing)
 .debug_str     0x00001f58      0x23f Drivers\STM32F1xx_HAL_Driver\Src\stm32f1xx_hal_dma.o
                                0x6ce (size before relaxing)
 .debug_str     0x00002197       0xdc Drivers\STM32F1xx_HAL_Driver\Src\stm32f1xx_hal_gpio.o
                                0x4d1 (size before relaxing)
 .debug_str     0x00002273      0x1f4 Drivers\STM32F1xx_HAL_Driver\Src\stm32f1xx_hal_rcc.o
                                0x6ba (size before relaxing)
 .debug_str     0x00002467      0xcd7 Drivers\STM32F1xx_HAL_Driver\Src\stm32f1xx_hal_tim.o
                               0x1502 (size before relaxing)
 .debug_str     0x0000313e      0x4d8 Drivers\STM32F1xx_HAL_Driver\Src\stm32f1xx_hal_tim_ex.o
                                0xd1a (size before relaxing)
 .debug_str     0x00003616      0x4b3 Drivers\STM32F1xx_HAL_Driver\Src\stm32f1xx_hal_uart.o
                                0xc4a (size before relaxing)

.comment        0x00000000       0x7c
 .comment       0x00000000       0x7c Core\Src\PID.o
                                 0x7d (size before relaxing)
 .comment       0x0000007c       0x7d Core\Src\delay.o
 .comment       0x0000007c       0x7d Core\Src\dht.o
 .comment       0x0000007c       0x7d Core\Src\gpio.o
 .comment       0x0000007c       0x7d Core\Src\main.o
 .comment       0x0000007c       0x7d Core\Src\stm32f1xx_hal_msp.o
 .comment       0x0000007c       0x7d Core\Src\stm32f1xx_it.o
 .comment       0x0000007c       0x7d Core\Src\syscalls.o
 .comment       0x0000007c       0x7d Core\Src\system_stm32f1xx.o
 .comment       0x0000007c       0x7d Core\Src\tim.o
 .comment       0x0000007c       0x7d Core\Src\usart.o
 .comment       0x0000007c       0x7d Drivers\STM32F1xx_HAL_Driver\Src\stm32f1xx_hal.o
 .comment       0x0000007c       0x7d Drivers\STM32F1xx_HAL_Driver\Src\stm32f1xx_hal_cortex.o
 .comment       0x0000007c       0x7d Drivers\STM32F1xx_HAL_Driver\Src\stm32f1xx_hal_dma.o
 .comment       0x0000007c       0x7d Drivers\STM32F1xx_HAL_Driver\Src\stm32f1xx_hal_gpio.o
 .comment       0x0000007c       0x7d Drivers\STM32F1xx_HAL_Driver\Src\stm32f1xx_hal_rcc.o
 .comment       0x0000007c       0x7d Drivers\STM32F1xx_HAL_Driver\Src\stm32f1xx_hal_tim.o
 .comment       0x0000007c       0x7d Drivers\STM32F1xx_HAL_Driver\Src\stm32f1xx_hal_tim_ex.o
 .comment       0x0000007c       0x7d Drivers\STM32F1xx_HAL_Driver\Src\stm32f1xx_hal_uart.o

.debug_frame    0x00000000     0x210c
 .debug_frame   0x00000000       0x2c Core\Src\PID.o
 .debug_frame   0x0000002c       0x20 Core\Src\delay.o
 .debug_frame   0x0000004c       0xb8 Core\Src\dht.o
 .debug_frame   0x00000104       0x34 Core\Src\gpio.o
 .debug_frame   0x00000138       0xa4 Core\Src\main.o
 .debug_frame   0x000001dc       0x28 Core\Src\stm32f1xx_hal_msp.o
 .debug_frame   0x00000204       0xcc Core\Src\stm32f1xx_it.o
 .debug_frame   0x000002d0      0x1a8 Core\Src\syscalls.o
 .debug_frame   0x00000478       0x30 Core\Src\system_stm32f1xx.o
 .debug_frame   0x000004a8       0x94 Core\Src\tim.o
 .debug_frame   0x0000053c       0x98 Core\Src\usart.o
 .debug_frame   0x000005d4      0x1d4 Drivers\STM32F1xx_HAL_Driver\Src\stm32f1xx_hal.o
 .debug_frame   0x000007a8      0x120 Drivers\STM32F1xx_HAL_Driver\Src\stm32f1xx_hal_cortex.o
 .debug_frame   0x000008c8      0x144 Drivers\STM32F1xx_HAL_Driver\Src\stm32f1xx_hal_dma.o
 .debug_frame   0x00000a0c       0xd4 Drivers\STM32F1xx_HAL_Driver\Src\stm32f1xx_hal_gpio.o
 .debug_frame   0x00000ae0      0x150 Drivers\STM32F1xx_HAL_Driver\Src\stm32f1xx_hal_rcc.o
 .debug_frame   0x00000c30      0x928 Drivers\STM32F1xx_HAL_Driver\Src\stm32f1xx_hal_tim.o
 .debug_frame   0x00001558      0x360 Drivers\STM32F1xx_HAL_Driver\Src\stm32f1xx_hal_tim_ex.o
 .debug_frame   0x000018b8      0x498 Drivers\STM32F1xx_HAL_Driver\Src\stm32f1xx_hal_uart.o
 .debug_frame   0x00001d50       0x20 d:/program files/atollic/truestudio for stm32 9.3.0/armtools/bin/../lib/gcc/arm-atollic-eabi/6.3.1/../../../../arm-atollic-eabi/lib/armv7-m\libc_nano.a(lib_a-errno.o)
 .debug_frame   0x00001d70       0x2c d:/program files/atollic/truestudio for stm32 9.3.0/armtools/bin/../lib/gcc/arm-atollic-eabi/6.3.1/../../../../arm-atollic-eabi/lib/armv7-m\libc_nano.a(lib_a-init.o)
 .debug_frame   0x00001d9c       0x20 d:/program files/atollic/truestudio for stm32 9.3.0/armtools/bin/../lib/gcc/arm-atollic-eabi/6.3.1/../../../../arm-atollic-eabi/lib/armv7-m\libc_nano.a(lib_a-memset.o)
 .debug_frame   0x00001dbc       0x70 d:/program files/atollic/truestudio for stm32 9.3.0/armtools/bin/../lib/gcc/arm-atollic-eabi/6.3.1/../../../../arm-atollic-eabi/lib/armv7-m\libc_nano.a(lib_a-sprintf.o)
 .debug_frame   0x00001e2c       0x90 d:/program files/atollic/truestudio for stm32 9.3.0/armtools/bin/../lib/gcc/arm-atollic-eabi/6.3.1/../../../../arm-atollic-eabi/lib/armv7-m\libc_nano.a(lib_a-nano-svfprintf.o)
 .debug_frame   0x00001ebc       0x60 d:/program files/atollic/truestudio for stm32 9.3.0/armtools/bin/../lib/gcc/arm-atollic-eabi/6.3.1/../../../../arm-atollic-eabi/lib/armv7-m\libc_nano.a(lib_a-nano-vfprintf_i.o)
 .debug_frame   0x00001f1c       0x28 d:/program files/atollic/truestudio for stm32 9.3.0/armtools/bin/../lib/gcc/arm-atollic-eabi/6.3.1/../../../../arm-atollic-eabi/lib/armv7-m\libc_nano.a(lib_a-memchr-stub.o)
 .debug_frame   0x00001f44       0x28 d:/program files/atollic/truestudio for stm32 9.3.0/armtools/bin/../lib/gcc/arm-atollic-eabi/6.3.1/../../../../arm-atollic-eabi/lib/armv7-m\libc_nano.a(lib_a-memcpy-stub.o)
 .debug_frame   0x00001f6c       0x28 d:/program files/atollic/truestudio for stm32 9.3.0/armtools/bin/../lib/gcc/arm-atollic-eabi/6.3.1/../../../../arm-atollic-eabi/lib/armv7-m\libc_nano.a(lib_a-memmove.o)
 .debug_frame   0x00001f94       0x38 d:/program files/atollic/truestudio for stm32 9.3.0/armtools/bin/../lib/gcc/arm-atollic-eabi/6.3.1/../../../../arm-atollic-eabi/lib/armv7-m\libc_nano.a(lib_a-nano-freer.o)
 .debug_frame   0x00001fcc       0x2c d:/program files/atollic/truestudio for stm32 9.3.0/armtools/bin/../lib/gcc/arm-atollic-eabi/6.3.1/../../../../arm-atollic-eabi/lib/armv7-m\libc_nano.a(lib_a-nano-mallocr.o)
 .debug_frame   0x00001ff8       0x3c d:/program files/atollic/truestudio for stm32 9.3.0/armtools/bin/../lib/gcc/arm-atollic-eabi/6.3.1/../../../../arm-atollic-eabi/lib/armv7-m\libc_nano.a(lib_a-nano-reallocr.o)
 .debug_frame   0x00002034       0x2c d:/program files/atollic/truestudio for stm32 9.3.0/armtools/bin/../lib/gcc/arm-atollic-eabi/6.3.1/../../../../arm-atollic-eabi/lib/armv7-m\libc_nano.a(lib_a-sbrkr.o)
 .debug_frame   0x00002060       0x30 d:/program files/atollic/truestudio for stm32 9.3.0/armtools/bin/../lib/gcc/arm-atollic-eabi/6.3.1/../../../../arm-atollic-eabi/lib/armv7-m\libc_nano.a(lib_a-mlock.o)
 .debug_frame   0x00002090       0x20 d:/program files/atollic/truestudio for stm32 9.3.0/armtools/bin/../lib/gcc/arm-atollic-eabi/6.3.1/../../../../arm-atollic-eabi/lib/armv7-m\libc_nano.a(lib_a-nano-msizer.o)
 .debug_frame   0x000020b0       0x5c d:/program files/atollic/truestudio for stm32 9.3.0/armtools/bin/../lib/gcc/arm-atollic-eabi/6.3.1/../../../../arm-atollic-eabi/lib/armv7-m\libc_nano.a(lib_a-reent.o)
