Archive member included to satisfy reference by file (symbol)

d:/program files/atollic/truestudio for stm32 9.3.0/armtools/bin/../lib/gcc/arm-atollic-eabi/6.3.1/../../../../arm-atollic-eabi/lib/armv7-m\libc_nano.a(lib_a-errno.o)
                              Core\Src\syscalls.o (__errno)
d:/program files/atollic/truestudio for stm32 9.3.0/armtools/bin/../lib/gcc/arm-atollic-eabi/6.3.1/../../../../arm-atollic-eabi/lib/armv7-m\libc_nano.a(lib_a-impure.o)
                              d:/program files/atollic/truestudio for stm32 9.3.0/armtools/bin/../lib/gcc/arm-atollic-eabi/6.3.1/../../../../arm-atollic-eabi/lib/armv7-m\libc_nano.a(lib_a-errno.o) (_impure_ptr)
d:/program files/atollic/truestudio for stm32 9.3.0/armtools/bin/../lib/gcc/arm-atollic-eabi/6.3.1/../../../../arm-atollic-eabi/lib/armv7-m\libc_nano.a(lib_a-init.o)
                              startup\startup_stm32f103xb.o (__libc_init_array)
d:/program files/atollic/truestudio for stm32 9.3.0/armtools/bin/../lib/gcc/arm-atollic-eabi/6.3.1/../../../../arm-atollic-eabi/lib/armv7-m\libc_nano.a(lib_a-memset.o)
                              Core\Src\dht.o (memset)
d:/program files/atollic/truestudio for stm32 9.3.0/armtools/bin/../lib/gcc/arm-atollic-eabi/6.3.1/../../../../arm-atollic-eabi/lib/armv7-m\libc_nano.a(lib_a-sprintf.o)
                              Core\Src\main.o (sprintf)
d:/program files/atollic/truestudio for stm32 9.3.0/armtools/bin/../lib/gcc/arm-atollic-eabi/6.3.1/../../../../arm-atollic-eabi/lib/armv7-m\libc_nano.a(lib_a-nano-svfprintf.o)
                              d:/program files/atollic/truestudio for stm32 9.3.0/armtools/bin/../lib/gcc/arm-atollic-eabi/6.3.1/../../../../arm-atollic-eabi/lib/armv7-m\libc_nano.a(lib_a-sprintf.o) (_svfprintf_r)
d:/program files/atollic/truestudio for stm32 9.3.0/armtools/bin/../lib/gcc/arm-atollic-eabi/6.3.1/../../../../arm-atollic-eabi/lib/armv7-m\libc_nano.a(lib_a-nano-vfprintf_i.o)
                              d:/program files/atollic/truestudio for stm32 9.3.0/armtools/bin/../lib/gcc/arm-atollic-eabi/6.3.1/../../../../arm-atollic-eabi/lib/armv7-m\libc_nano.a(lib_a-nano-svfprintf.o) (_printf_i)
d:/program files/atollic/truestudio for stm32 9.3.0/armtools/bin/../lib/gcc/arm-atollic-eabi/6.3.1/../../../../arm-atollic-eabi/lib/armv7-m\libc_nano.a(lib_a-memchr-stub.o)
                              d:/program files/atollic/truestudio for stm32 9.3.0/armtools/bin/../lib/gcc/arm-atollic-eabi/6.3.1/../../../../arm-atollic-eabi/lib/armv7-m\libc_nano.a(lib_a-nano-svfprintf.o) (memchr)
d:/program files/atollic/truestudio for stm32 9.3.0/armtools/bin/../lib/gcc/arm-atollic-eabi/6.3.1/../../../../arm-atollic-eabi/lib/armv7-m\libc_nano.a(lib_a-memcpy-stub.o)
                              d:/program files/atollic/truestudio for stm32 9.3.0/armtools/bin/../lib/gcc/arm-atollic-eabi/6.3.1/../../../../arm-atollic-eabi/lib/armv7-m\libc_nano.a(lib_a-nano-svfprintf.o) (memcpy)
d:/program files/atollic/truestudio for stm32 9.3.0/armtools/bin/../lib/gcc/arm-atollic-eabi/6.3.1/../../../../arm-atollic-eabi/lib/armv7-m\libc_nano.a(lib_a-memmove.o)
                              d:/program files/atollic/truestudio for stm32 9.3.0/armtools/bin/../lib/gcc/arm-atollic-eabi/6.3.1/../../../../arm-atollic-eabi/lib/armv7-m\libc_nano.a(lib_a-nano-svfprintf.o) (memmove)
d:/program files/atollic/truestudio for stm32 9.3.0/armtools/bin/../lib/gcc/arm-atollic-eabi/6.3.1/../../../../arm-atollic-eabi/lib/armv7-m\libc_nano.a(lib_a-nano-freer.o)
                              d:/program files/atollic/truestudio for stm32 9.3.0/armtools/bin/../lib/gcc/arm-atollic-eabi/6.3.1/../../../../arm-atollic-eabi/lib/armv7-m\libc_nano.a(lib_a-nano-svfprintf.o) (_free_r)
d:/program files/atollic/truestudio for stm32 9.3.0/armtools/bin/../lib/gcc/arm-atollic-eabi/6.3.1/../../../../arm-atollic-eabi/lib/armv7-m\libc_nano.a(lib_a-nano-mallocr.o)
                              d:/program files/atollic/truestudio for stm32 9.3.0/armtools/bin/../lib/gcc/arm-atollic-eabi/6.3.1/../../../../arm-atollic-eabi/lib/armv7-m\libc_nano.a(lib_a-nano-svfprintf.o) (_malloc_r)
d:/program files/atollic/truestudio for stm32 9.3.0/armtools/bin/../lib/gcc/arm-atollic-eabi/6.3.1/../../../../arm-atollic-eabi/lib/armv7-m\libc_nano.a(lib_a-nano-reallocr.o)
                              d:/program files/atollic/truestudio for stm32 9.3.0/armtools/bin/../lib/gcc/arm-atollic-eabi/6.3.1/../../../../arm-atollic-eabi/lib/armv7-m\libc_nano.a(lib_a-nano-svfprintf.o) (_realloc_r)
d:/program files/atollic/truestudio for stm32 9.3.0/armtools/bin/../lib/gcc/arm-atollic-eabi/6.3.1/../../../../arm-atollic-eabi/lib/armv7-m\libc_nano.a(lib_a-sbrkr.o)
                              d:/program files/atollic/truestudio for stm32 9.3.0/armtools/bin/../lib/gcc/arm-atollic-eabi/6.3.1/../../../../arm-atollic-eabi/lib/armv7-m\libc_nano.a(lib_a-nano-mallocr.o) (_sbrk_r)
[...]
Memory Configuration

Name             Origin             Length             Attributes
RAM              0x20000000         0x00005000         xrw
FLASH            0x08000000         0x00020000         xr
*default*        0x00000000         0xffffffff

Linker script and memory map

LOAD d:/program files/atollic/truestudio for stm32 9.3.0/armtools/bin/../lib/gcc/arm-atollic-eabi/6.3.1/armv7-m/crti.o
LOAD d:/program files/atollic/truestudio for stm32 9.3.0/armtools/bin/../lib/gcc/arm-atollic-eabi/6.3.1/armv7-m/crtbegin.o
LOAD Core\Src\PID.o
LOAD Core\Src\delay.o
LOAD Core\Src\dht.o
LOAD Core\Src\gpio.o
LOAD Core\Src\main.o
LOAD Core\Src\stm32f1xx_hal_msp.o
LOAD Core\Src\stm32f1xx_it.o
LOAD Core\Src\sys.o
LOAD Core\Src\syscalls.o
LOAD Core\Src\system_stm32f1xx.o
LOAD Core\Src\tim.o
LOAD Core\Src\usart.o
LOAD Drivers\STM32F1xx_HAL_Driver\Src\stm32f1xx_hal.o
LOAD Drivers\STM32F1xx_HAL_Driver\Src\stm32f1xx_hal_cortex.o
LOAD Drivers\STM32F1xx_HAL_Driver\Src\stm32f1xx_hal_dma.o
LOAD Drivers\STM32F1xx_HAL_Driver\Src\stm32f1xx_hal_exti.o
LOAD Drivers\STM32F1xx_HAL_Driver\Src\stm32f1xx_hal_flash.o
LOAD Drivers\STM32F1xx_HAL_Driver\Src\stm32f1xx_hal_flash_ex.o
LOAD Drivers\STM32F1xx_HAL_Driver\Src\stm32f1xx_hal_gpio.o
LOAD Drivers\STM32F1xx_HAL_Driver\Src\stm32f1xx_hal_gpio_ex.o
LOAD Drivers\STM32F1xx_HAL_Driver\Src\stm32f1xx_hal_pwr.o
LOAD Drivers\STM32F1xx_HAL_Driver\Src\stm32f1xx_hal_rcc.o
LOAD Drivers\STM32F1xx_HAL_Driver\Src\stm32f1xx_hal_rcc_ex.o
LOAD Drivers\STM32F1xx_HAL_Driver\Src\stm32f1xx_hal_tim.o
LOAD Drivers\STM32F1xx_HAL_Driver\Src\stm32f1xx_hal_tim_ex.o
LOAD Drivers\STM32F1xx_HAL_Driver\Src\stm32f1xx_hal_uart.o
LOAD startup\startup_stm32f103xb.o
                0x00000080                malloc_getpagesize_P = 0x80
START GROUP
LOAD d:/program files/atollic/truestudio for stm32 9.3.0/armtools/bin/../lib/gcc/arm-atollic-eabi/6.3.1/../../../../arm-atollic-eabi/lib/armv7-m\libc_nano.a
LOAD d:/program files/atollic/truestudio for stm32 9.3.0/armtools/bin/../lib/gcc/arm-atollic-eabi/6.3.1/../../../../arm-atollic-eabi/lib/armv7-m\libm.a
END GROUP
START GROUP
LOAD d:/program files/atollic/truestudio for stm32 9.3.0/armtools/bin/../lib/gcc/arm-atollic-eabi/6.3.1/armv7-m\libgcc.a
LOAD d:/program files/atollic/truestudio for stm32 9.3.0/armtools/bin/../lib/gcc/arm-atollic-eabi/6.3.1/../../../../arm-atollic-eabi/lib/armv7-m\libc_nano.a
END GROUP
START GROUP
LOAD d:/program files/atollic/truestudio for stm32 9.3.0/armtools/bin/../lib/gcc/arm-atollic-eabi/6.3.1/armv7-m\libgcc.a
LOAD d:/program files/atollic/truestudio for stm32 9.3.0/armtools/bin/../lib/gcc/arm-atollic-eabi/6.3.1/../../../../arm-atollic-eabi/lib/armv7-m\libc_nano.a
LOAD d:/program files/atollic/truestudio for stm32 9.3.0/armtools/bin/../lib/gcc/arm-atollic-eabi/6.3.1/../../../../arm-atollic-eabi/lib/armv7-m\libnosys.a
END GROUP
START GROUP
LOAD d:/program files/atollic/truestudio for stm32 9.3.0/armtools/bin/../lib/gcc/arm-atollic-eabi/6.3.1/armv7-m\libgcc.a
LOAD d:/program files/atollic/truestudio for stm32 9.3.0/armtools/bin/../lib/gcc/arm-atollic-eabi/6.3.1/../../../../arm-atollic-eabi/lib/armv7-m\libc_nano.a
LOAD d:/program files/atollic/truestudio for stm32 9.3.0/armtools/bin/../lib/gcc/arm-atollic-eabi/6.3.1/../../../../arm-atollic-eabi/lib/armv7-m\libnosys.a
END GROUP
LOAD d:/program files/atollic/truestudio for stm32 9.3.0/armtools/bin/../lib/gcc/arm-atollic-eabi/6.3.1/armv7-m/crtend.o
LOAD d:/program files/atollic/truestudio for stm32 9.3.0/armtools/bin/../lib/gcc/arm-atollic-eabi/6.3.1/armv7-m/crtn.o
                0x20005000                _estack = 0x20005000
                0x00000200                _Min_Heap_Size = 0x200
                0x00000400                _Min_Stack_Size = 0x400

.isr_vector     0x08000000      0x10c
                0x08000000                . = ALIGN (0x4)
 *(.isr_vector)
 .isr_vector    0x08000000      0x10c startup\startup_stm32f103xb.o
                0x08000000                g_pfnVectors
                0x0800010c                . = ALIGN (0x4)

.text           0x0800010c     0x2c8c
                0x0800010c                . = ALIGN (0x4)
 *(.text)
 .text          0x0800010c       0x40 d:/program files/atollic/truestudio for stm32 9.3.0/armtools/bin/../lib/gcc/arm-atollic-eabi/6.3.1/armv7-m/crtbegin.o
 .text          0x0800014c      0x21c d:/program files/atollic/truestudio for stm32 9.3.0/armtools/bin/../lib/gcc/arm-atollic-eabi/6.3.1/armv7-m\libgcc.a(_arm_addsubsf3.o)
                0x0800014c                __aeabi_frsub
                0x08000154                __subsf3
                0x08000154                __aeabi_fsub
                0x08000158                __aeabi_fadd
                0x08000158                __addsf3
                0x080002b8                __aeabi_ui2f
                0x080002b8                __floatunsisf
                0x080002c0                __aeabi_i2f
                0x080002c0                __floatsisf
                0x080002dc                __aeabi_ul2f
                0x080002dc                __floatundisf
                0x080002ec                __aeabi_l2f
                0x080002ec                __floatdisf
 .text          0x08000368      0x2a0 d:/program files/atollic/truestudio for stm32 9.3.0/armtools/bin/../lib/gcc/arm-atollic-eabi/6.3.1/armv7-m\libgcc.a(_arm_muldivsf3.o)
                0x08000368                __mulsf3
                0x08000368                __aeabi_fmul
                0x080004d0                __aeabi_fdiv
                0x080004d0                __divsf3
 .text          0x08000608       0xec d:/program files/atollic/truestudio for stm32 9.3.0/armtools/bin/../lib/gcc/arm-atollic-eabi/6.3.1/armv7-m\libgcc.a(_arm_cmpsf2.o)
                0x08000608                __gesf2
                0x08000608                __gtsf2
                0x08000610                __lesf2
                0x08000610                __ltsf2
                0x08000618                __nesf2
                0x08000618                __eqsf2
                0x08000618                __cmpsf2
                0x08000678                __aeabi_cfrcmple
                0x08000680                __aeabi_cfcmpeq
                0x08000680                __aeabi_cfcmple
                0x08000690                __aeabi_fcmpeq
                0x080006a4                __aeabi_fcmplt
                0x080006b8                __aeabi_fcmple
                0x080006cc                __aeabi_fcmpge
                0x080006e0                __aeabi_fcmpgt
 .text          0x080006f4       0x4c d:/program files/atollic/truestudio for stm32 9.3.0/armtools/bin/../lib/gcc/arm-atollic-eabi/6.3.1/armv7-m\libgcc.a(_arm_fixsfsi.o)
                0x080006f4                __aeabi_f2iz
                0x080006f4                __fixsfsi
 .text          0x08000740       0x40 d:/program files/atollic/truestudio for stm32 9.3.0/armtools/bin/../lib/gcc/arm-atollic-eabi/6.3.1/armv7-m\libgcc.a(_arm_fixunssfsi.o)
                0x08000740                __fixunssfsi
                0x08000740                __aeabi_f2uiz
 *(.text*)
 .text.PID      0x08000780       0xe0 Core\Src\PID.o
                0x08000780                PID
 .text.us_Delay
                0x08000860       0x14 Core\Src\delay.o
                0x08000860                us_Delay
 .text.set_pin_input
                0x08000874       0x20 Core\Src\dht.o
                0x08000874                set_pin_input
 .text.set_pin_output
                0x08000894       0x28 Core\Src\dht.o
                0x08000894                set_pin_output
 .text.DHT11_start
                0x080008bc       0x80 Core\Src\dht.o
                0x080008bc                DHT11_start
 .text.DHT11_get_T
                0x0800093c       0xb8 Core\Src\dht.o
                0x0800093c                DHT11_get_T
 .text.DHT11_get_H
                0x080009f4        0x4 Core\Src\dht.o
                0x080009f4                DHT11_get_H
 .text.DHT11_checksum
                0x080009f8       0x50 Core\Src\dht.o
                0x080009f8                DHT11_checksum
 .text.MX_GPIO_Init
                0x08000a48      0x110 Core\Src\gpio.o
                0x08000a48                MX_GPIO_Init
 .text.SystemClock_Config
                0x08000b58       0x50 Core\Src\main.o
                0x08000b58                SystemClock_Config
 .text.HAL_SYSTICK_Callback
                0x08000ba8       0x48 Core\Src\main.o
                0x08000ba8                HAL_SYSTICK_Callback
 .text.conversion
                0x08000bf0      0x108 Core\Src\main.o
                0x08000bf0                conversion
 .text.startup.main
                0x08000cf8      0x164 Core\Src\main.o
                0x08000cf8                main
 .text.HAL_UART_RxCpltCallback
                0x08000e5c       0xec Core\Src\main.o
                0x08000e5c                HAL_UART_RxCpltCallback
 .text.Error_Handler
                0x08000f48        0x2 Core\Src\main.o
                0x08000f48                Error_Handler
 *fill*         0x08000f4a        0x2 
 .text.HAL_MspInit
                0x08000f4c       0x44 Core\Src\stm32f1xx_hal_msp.o
                0x08000f4c                HAL_MspInit
 .text.NMI_Handler
                0x08000f90        0x2 Core\Src\stm32f1xx_it.o
                0x08000f90                NMI_Handler
 .text.HardFault_Handler
                0x08000f92        0x2 Core\Src\stm32f1xx_it.o
                0x08000f92                HardFault_Handler
 .text.MemManage_Handler
                0x08000f94        0x2 Core\Src\stm32f1xx_it.o
                0x08000f94                MemManage_Handler
 .text.BusFault_Handler
                0x08000f96        0x2 Core\Src\stm32f1xx_it.o
                0x08000f96                BusFault_Handler
 .text.UsageFault_Handler
                0x08000f98        0x2 Core\Src\stm32f1xx_it.o
                0x08000f98                UsageFault_Handler
 .text.SVC_Handler
                0x08000f9a        0x2 Core\Src\stm32f1xx_it.o
                0x08000f9a                SVC_Handler
 .text.DebugMon_Handler
                0x08000f9c        0x2 Core\Src\stm32f1xx_it.o
                0x08000f9c                DebugMon_Handler
 .text.PendSV_Handler
                0x08000f9e        0x2 Core\Src\stm32f1xx_it.o
                0x08000f9e                PendSV_Handler
 .text.SysTick_Handler
                0x08000fa0        0xe Core\Src\stm32f1xx_it.o
                0x08000fa0                SysTick_Handler
 *fill*         0x08000fae        0x2 
 .text.USART3_IRQHandler
                0x08000fb0        0xc Core\Src\stm32f1xx_it.o
                0x08000fb0                USART3_IRQHandler
 .text.EXTI15_10_IRQHandler
                0x08000fbc        0x8 Core\Src\stm32f1xx_it.o
                0x08000fbc                EXTI15_10_IRQHandler
 .text._sbrk    0x08000fc4       0x34 Core\Src\syscalls.o
                0x08000fc4                _sbrk
 .text.SystemInit
                0x08000ff8       0x4c Core\Src\system_stm32f1xx.o
                0x08000ff8                SystemInit
 .text.MX_TIM1_Init
                0x08001044       0x6c Core\Src\tim.o
                0x08001044                MX_TIM1_Init
 .text.HAL_TIM_Base_MspInit
                0x080010b0       0x48 Core\Src\tim.o
                0x080010b0                HAL_TIM_Base_MspInit
 .text.HAL_TIM_MspPostInit
                0x080010f8       0x48 Core\Src\tim.o
                0x080010f8                HAL_TIM_MspPostInit
 .text.MX_TIM2_Init
                0x08001140       0xa0 Core\Src\tim.o
                0x08001140                MX_TIM2_Init
 .text.MX_USART2_UART_Init
                0x080011e0       0x38 Core\Src\usart.o
                0x080011e0                MX_USART2_UART_Init
 .text.MX_USART3_UART_Init
                0x08001218       0x38 Core\Src\usart.o
                0x08001218                MX_USART3_UART_Init
 .text.HAL_UART_MspInit
                0x08001250       0xd4 Core\Src\usart.o
                0x08001250                HAL_UART_MspInit
 .text.HAL_InitTick
                0x08001324       0x48 Drivers\STM32F1xx_HAL_Driver\Src\stm32f1xx_hal.o
                0x08001324                HAL_InitTick
 .text.HAL_Init
                0x0800136c       0x24 Drivers\STM32F1xx_HAL_Driver\Src\stm32f1xx_hal.o
                0x0800136c                HAL_Init
 .text.HAL_IncTick
                0x08001390       0x18 Drivers\STM32F1xx_HAL_Driver\Src\stm32f1xx_hal.o
                0x08001390                HAL_IncTick
 .text.HAL_GetTick
                0x080013a8        0xc Drivers\STM32F1xx_HAL_Driver\Src\stm32f1xx_hal.o
                0x080013a8                HAL_GetTick
 .text.HAL_Delay
                0x080013b4       0x24 Drivers\STM32F1xx_HAL_Driver\Src\stm32f1xx_hal.o
                0x080013b4                HAL_Delay
 .text.HAL_NVIC_SetPriorityGrouping
                0x080013d8       0x24 Drivers\STM32F1xx_HAL_Driver\Src\stm32f1xx_hal_cortex.o
                0x080013d8                HAL_NVIC_SetPriorityGrouping
 .text.HAL_NVIC_SetPriority
                0x080013fc       0x68 Drivers\STM32F1xx_HAL_Driver\Src\stm32f1xx_hal_cortex.o
                0x080013fc                HAL_NVIC_SetPriority
 .text.HAL_NVIC_EnableIRQ
                0x08001464       0x1c Drivers\STM32F1xx_HAL_Driver\Src\stm32f1xx_hal_cortex.o
                0x08001464                HAL_NVIC_EnableIRQ
 .text.HAL_SYSTICK_Config
                0x08001480       0x2c Drivers\STM32F1xx_HAL_Driver\Src\stm32f1xx_hal_cortex.o
                0x08001480                HAL_SYSTICK_Config
 .text.HAL_DMA_Abort_IT
                0x080014ac       0x90 Drivers\STM32F1xx_HAL_Driver\Src\stm32f1xx_hal_dma.o
                0x080014ac                HAL_DMA_Abort_IT
 .text.HAL_GPIO_Init
                0x0800153c      0x1c4 Drivers\STM32F1xx_HAL_Driver\Src\stm32f1xx_hal_gpio.o
                0x0800153c                HAL_GPIO_Init
 .text.HAL_GPIO_ReadPin
                0x08001700        0xc Drivers\STM32F1xx_HAL_Driver\Src\stm32f1xx_hal_gpio.o
                0x08001700                HAL_GPIO_ReadPin
 .text.HAL_GPIO_WritePin
                0x0800170c        0xa Drivers\STM32F1xx_HAL_Driver\Src\stm32f1xx_hal_gpio.o
                0x0800170c                HAL_GPIO_WritePin
 .text.HAL_GPIO_EXTI_Callback
                0x08001716        0x2 Drivers\STM32F1xx_HAL_Driver\Src\stm32f1xx_hal_gpio.o
                0x08001716                HAL_GPIO_EXTI_Callback
 .text.HAL_GPIO_EXTI_IRQHandler
                0x08001718       0x18 Drivers\STM32F1xx_HAL_Driver\Src\stm32f1xx_hal_gpio.o
                0x08001718                HAL_GPIO_EXTI_IRQHandler
 .text.HAL_RCC_OscConfig
                0x08001730      0x33c Drivers\STM32F1xx_HAL_Driver\Src\stm32f1xx_hal_rcc.o
                0x08001730                HAL_RCC_OscConfig
 .text.HAL_RCC_GetSysClockFreq
                0x08001a6c       0x78 Drivers\STM32F1xx_HAL_Driver\Src\stm32f1xx_hal_rcc.o
                0x08001a6c                HAL_RCC_GetSysClockFreq
 .text.HAL_RCC_ClockConfig
                0x08001ae4      0x13c Drivers\STM32F1xx_HAL_Driver\Src\stm32f1xx_hal_rcc.o
                0x08001ae4                HAL_RCC_ClockConfig
 .text.HAL_RCC_GetPCLK1Freq
                0x08001c20       0x20 Drivers\STM32F1xx_HAL_Driver\Src\stm32f1xx_hal_rcc.o
                0x08001c20                HAL_RCC_GetPCLK1Freq
 .text.HAL_RCC_GetPCLK2Freq
                0x08001c40       0x20 Drivers\STM32F1xx_HAL_Driver\Src\stm32f1xx_hal_rcc.o
                0x08001c40                HAL_RCC_GetPCLK2Freq
 .text.TIM_OC1_SetConfig
                0x08001c60       0x50 Drivers\STM32F1xx_HAL_Driver\Src\stm32f1xx_hal_tim.o
 .text.TIM_OC3_SetConfig
                0x08001cb0       0x54 Drivers\STM32F1xx_HAL_Driver\Src\stm32f1xx_hal_tim.o
 .text.TIM_OC4_SetConfig
                0x08001d04       0x44 Drivers\STM32F1xx_HAL_Driver\Src\stm32f1xx_hal_tim.o
 .text.HAL_TIM_Base_Start
                0x08001d48       0x24 Drivers\STM32F1xx_HAL_Driver\Src\stm32f1xx_hal_tim.o
                0x08001d48                HAL_TIM_Base_Start
 .text.HAL_TIM_PWM_MspInit
                0x08001d6c        0x2 Drivers\STM32F1xx_HAL_Driver\Src\stm32f1xx_hal_tim.o
                0x08001d6c                HAL_TIM_PWM_MspInit
 *fill*         0x08001d6e        0x2 
 .text.TIM_Base_SetConfig
                0x08001d70       0x70 Drivers\STM32F1xx_HAL_Driver\Src\stm32f1xx_hal_tim.o
                0x08001d70                TIM_Base_SetConfig
 .text.HAL_TIM_Base_Init
                0x08001de0       0x34 Drivers\STM32F1xx_HAL_Driver\Src\stm32f1xx_hal_tim.o
                0x08001de0                HAL_TIM_Base_Init
 .text.HAL_TIM_PWM_Init
                0x08001e14       0x34 Drivers\STM32F1xx_HAL_Driver\Src\stm32f1xx_hal_tim.o
                0x08001e14                HAL_TIM_PWM_Init
 .text.TIM_OC2_SetConfig
                0x08001e48       0x58 Drivers\STM32F1xx_HAL_Driver\Src\stm32f1xx_hal_tim.o
                0x08001e48                TIM_OC2_SetConfig
 .text.HAL_TIM_PWM_ConfigChannel
                0x08001ea0       0xc4 Drivers\STM32F1xx_HAL_Driver\Src\stm32f1xx_hal_tim.o
                0x08001ea0                HAL_TIM_PWM_ConfigChannel
 .text.TIM_ETR_SetConfig
                0x08001f64       0x14 Drivers\STM32F1xx_HAL_Driver\Src\stm32f1xx_hal_tim.o
                0x08001f64                TIM_ETR_SetConfig
 .text.HAL_TIM_ConfigClockSource
                0x08001f78      0x128 Drivers\STM32F1xx_HAL_Driver\Src\stm32f1xx_hal_tim.o
                0x08001f78                HAL_TIM_ConfigClockSource
 .text.TIM_CCxChannelCmd
                0x080020a0       0x1c Drivers\STM32F1xx_HAL_Driver\Src\stm32f1xx_hal_tim.o
                0x080020a0                TIM_CCxChannelCmd
 .text.HAL_TIM_PWM_Start
                0x080020bc       0x38 Drivers\STM32F1xx_HAL_Driver\Src\stm32f1xx_hal_tim.o
                0x080020bc                HAL_TIM_PWM_Start
 .text.HAL_TIMEx_MasterConfigSynchronization
                0x080020f4       0x3c Drivers\STM32F1xx_HAL_Driver\Src\stm32f1xx_hal_tim_ex.o
                0x080020f4                HAL_TIMEx_MasterConfigSynchronization
 .text.UART_EndRxTransfer
                0x08002130       0x1a Drivers\STM32F1xx_HAL_Driver\Src\stm32f1xx_hal_uart.o
 *fill*         0x0800214a        0x2 
 .text.UART_SetConfig
                0x0800214c       0x74 Drivers\STM32F1xx_HAL_Driver\Src\stm32f1xx_hal_uart.o
 .text.HAL_UART_Init
                0x080021c0       0x5c Drivers\STM32F1xx_HAL_Driver\Src\stm32f1xx_hal_uart.o
                0x080021c0                HAL_UART_Init
 .text.HAL_UART_Transmit_IT
                0x0800221c       0x3e Drivers\STM32F1xx_HAL_Driver\Src\stm32f1xx_hal_uart.o
                0x0800221c                HAL_UART_Transmit_IT
 .text.HAL_UART_Receive_IT
                0x0800225a       0x4e Drivers\STM32F1xx_HAL_Driver\Src\stm32f1xx_hal_uart.o
                0x0800225a                HAL_UART_Receive_IT
 .text.HAL_UART_TxCpltCallback
                0x080022a8        0x2 Drivers\STM32F1xx_HAL_Driver\Src\stm32f1xx_hal_uart.o
                0x080022a8                HAL_UART_TxCpltCallback
 .text.UART_Receive_IT
                0x080022aa       0x7c Drivers\STM32F1xx_HAL_Driver\Src\stm32f1xx_hal_uart.o
 .text.HAL_UART_ErrorCallback
                0x08002326        0x2 Drivers\STM32F1xx_HAL_Driver\Src\stm32f1xx_hal_uart.o
                0x08002326                HAL_UART_ErrorCallback
 .text.HAL_UART_IRQHandler
                0x08002328      0x140 Drivers\STM32F1xx_HAL_Driver\Src\stm32f1xx_hal_uart.o
                0x08002328                HAL_UART_IRQHandler
 .text.UART_DMAAbortOnError
                0x08002468       0x10 Drivers\STM32F1xx_HAL_Driver\Src\stm32f1xx_hal_uart.o
 .text.Reset_Handler
                0x08002478       0x48 startup\startup_stm32f103xb.o
                0x08002478                Reset_Handler
 .text.Default_Handler
                0x080024c0        0x2 startup\startup_stm32f103xb.o
                0x080024c0                RTC_Alarm_IRQHandler
                0x080024c0                EXTI2_IRQHandler
                0x080024c0                TIM1_CC_IRQHandler
                0x080024c0                PVD_IRQHandler
                0x080024c0                EXTI3_IRQHandler
                0x080024c0                EXTI0_IRQHandler
                0x080024c0                I2C2_EV_IRQHandler
                0x080024c0                ADC1_2_IRQHandler
                0x080024c0                SPI1_IRQHandler
                0x080024c0                TAMPER_IRQHandler
                0x080024c0                DMA1_Channel4_IRQHandler
                0x080024c0                RTC_IRQHandler
                0x080024c0                DMA1_Channel7_IRQHandler
                0x080024c0                CAN1_RX1_IRQHandler
                0x080024c0                TIM4_IRQHandler
                0x080024c0                I2C1_EV_IRQHandler
                0x080024c0                DMA1_Channel6_IRQHandler
                0x080024c0                TIM3_IRQHandler
                0x080024c0                RCC_IRQHandler
                0x080024c0                TIM1_TRG_COM_IRQHandler
                0x080024c0                DMA1_Channel1_IRQHandler
                0x080024c0                Default_Handler
                0x080024c0                EXTI9_5_IRQHandler
                0x080024c0                SPI2_IRQHandler
                0x080024c0                DMA1_Channel5_IRQHandler
                0x080024c0                EXTI4_IRQHandler
                0x080024c0                USB_LP_CAN1_RX0_IRQHandler
                0x080024c0                USB_HP_CAN1_TX_IRQHandler
                0x080024c0                DMA1_Channel3_IRQHandler
                0x080024c0                TIM1_UP_IRQHandler
                0x080024c0                WWDG_IRQHandler
                0x080024c0                TIM2_IRQHandler
                0x080024c0                TIM1_BRK_IRQHandler
                0x080024c0                EXTI1_IRQHandler
                0x080024c0                USART2_IRQHandler
                0x080024c0                I2C2_ER_IRQHandler
                0x080024c0                DMA1_Channel2_IRQHandler
                0x080024c0                CAN1_SCE_IRQHandler
                0x080024c0                FLASH_IRQHandler
                0x080024c0                USART1_IRQHandler
                0x080024c0                I2C1_ER_IRQHandler
                0x080024c0                USBWakeUp_IRQHandler
 *fill*         0x080024c2        0x2 
 .text.__errno  0x080024c4        0xc d:/program files/atollic/truestudio for stm32 9.3.0/armtools/bin/../lib/gcc/arm-atollic-eabi/6.3.1/../../../../arm-atollic-eabi/lib/armv7-m\libc_nano.a(lib_a-errno.o)
                0x080024c4                __errno
 .text.__libc_init_array
                0x080024d0       0x48 d:/program files/atollic/truestudio for stm32 9.3.0/armtools/bin/../lib/gcc/arm-atollic-eabi/6.3.1/../../../../arm-atollic-eabi/lib/armv7-m\libc_nano.a(lib_a-init.o)
                0x080024d0                __libc_init_array
 .text.memset   0x08002518       0x10 d:/program files/atollic/truestudio for stm32 9.3.0/armtools/bin/../lib/gcc/arm-atollic-eabi/6.3.1/../../../../arm-atollic-eabi/lib/armv7-m\libc_nano.a(lib_a-memset.o)
                0x08002518                memset
 .text.sprintf  0x08002528       0x48 d:/program files/atollic/truestudio for stm32 9.3.0/armtools/bin/../lib/gcc/arm-atollic-eabi/6.3.1/../../../../arm-atollic-eabi/lib/armv7-m\libc_nano.a(lib_a-sprintf.o)
                0x08002528                siprintf
                0x08002528                sprintf
 .text.__ssputs_r
                0x08002570       0xb6 d:/program files/atollic/truestudio for stm32 9.3.0/armtools/bin/../lib/gcc/arm-atollic-eabi/6.3.1/../../../../arm-atollic-eabi/lib/armv7-m\libc_nano.a(lib_a-nano-svfprintf.o)
                0x08002570                __ssputs_r
 *fill*         0x08002626        0x2 
 .text._svfprintf_r
                0x08002628      0x1e8 d:/program files/atollic/truestudio for stm32 9.3.0/armtools/bin/../lib/gcc/arm-atollic-eabi/6.3.1/../../../../arm-atollic-eabi/lib/armv7-m\libc_nano.a(lib_a-nano-svfprintf.o)
                0x08002628                _svfiprintf_r
                0x08002628                _svfprintf_r
 .text._printf_common
                0x08002810       0xee d:/program files/atollic/truestudio for stm32 9.3.0/armtools/bin/../lib/gcc/arm-atollic-eabi/6.3.1/../../../../arm-atollic-eabi/lib/armv7-m\libc_nano.a(lib_a-nano-vfprintf_i.o)
                0x08002810                _printf_common
 *fill*         0x080028fe        0x2 
 .text._printf_i
                0x08002900      0x240 d:/program files/atollic/truestudio for stm32 9.3.0/armtools/bin/../lib/gcc/arm-atollic-eabi/6.3.1/../../../../arm-atollic-eabi/lib/armv7-m\libc_nano.a(lib_a-nano-vfprintf_i.o)
                0x08002900                _printf_i
 .text.memchr   0x08002b40       0x1c d:/program files/atollic/truestudio for stm32 9.3.0/armtools/bin/../lib/gcc/arm-atollic-eabi/6.3.1/../../../../arm-atollic-eabi/lib/armv7-m\libc_nano.a(lib_a-memchr-stub.o)
                0x08002b40                memchr
 .text.memcpy   0x08002b5c       0x16 d:/program files/atollic/truestudio for stm32 9.3.0/armtools/bin/../lib/gcc/arm-atollic-eabi/6.3.1/../../../../arm-atollic-eabi/lib/armv7-m\libc_nano.a(lib_a-memcpy-stub.o)
                0x08002b5c                memcpy
 .text.memmove  0x08002b72       0x34 d:/program files/atollic/truestudio for stm32 9.3.0/armtools/bin/../lib/gcc/arm-atollic-eabi/6.3.1/../../../../arm-atollic-eabi/lib/armv7-m\libc_nano.a(lib_a-memmove.o)
                0x08002b72                memmove
 *fill*         0x08002ba6        0x2 
 .text._free_r  0x08002ba8       0x98 d:/program files/atollic/truestudio for stm32 9.3.0/armtools/bin/../lib/gcc/arm-atollic-eabi/6.3.1/../../../../arm-atollic-eabi/lib/armv7-m\libc_nano.a(lib_a-nano-freer.o)
                0x08002ba8                _free_r
 .text._malloc_r
                0x08002c40       0xbc d:/program files/atollic/truestudio for stm32 9.3.0/armtools/bin/../lib/gcc/arm-atollic-eabi/6.3.1/../../../../arm-atollic-eabi/lib/armv7-m\libc_nano.a(lib_a-nano-mallocr.o)
                0x08002c40                _malloc_r
 .text._realloc_r
                0x08002cfc       0x4c d:/program files/atollic/truestudio for stm32 9.3.0/armtools/bin/../lib/gcc/arm-atollic-eabi/6.3.1/../../../../arm-atollic-eabi/lib/armv7-m\libc_nano.a(lib_a-nano-reallocr.o)
                0x08002cfc                _realloc_r
 .text._sbrk_r  0x08002d48       0x20 d:/program files/atollic/truestudio for stm32 9.3.0/armtools/bin/../lib/gcc/arm-atollic-eabi/6.3.1/../../../../arm-atollic-eabi/lib/armv7-m\libc_nano.a(lib_a-sbrkr.o)
                0x08002d48                _sbrk_r
 .text.__malloc_lock
                0x08002d68        0x2 d:/program files/atollic/truestudio for stm32 9.3.0/armtools/bin/../lib/gcc/arm-atollic-eabi/6.3.1/../../../../arm-atollic-eabi/lib/armv7-m\libc_nano.a(lib_a-mlock.o)
                0x08002d68                __malloc_lock
 .text.__malloc_unlock
                0x08002d6a        0x2 d:/program files/atollic/truestudio for stm32 9.3.0/armtools/bin/../lib/gcc/arm-atollic-eabi/6.3.1/../../../../arm-atollic-eabi/lib/armv7-m\libc_nano.a(lib_a-mlock.o)
                0x08002d6a                __malloc_unlock
 .text._malloc_usable_size_r
                0x08002d6c       0x12 d:/program files/atollic/truestudio for stm32 9.3.0/armtools/bin/../lib/gcc/arm-atollic-eabi/6.3.1/../../../../arm-atollic-eabi/lib/armv7-m\libc_nano.a(lib_a-nano-msizer.o)
                0x08002d6c                _malloc_usable_size_r
 *(.glue_7)
 .glue_7        0x08002d7e        0x0 linker stubs
 *(.glue_7t)
 .glue_7t       0x08002d7e        0x0 linker stubs
 *(.eh_frame)
 *fill*         0x08002d7e        0x2 
 .eh_frame      0x08002d80        0x0 d:/program files/atollic/truestudio for stm32 9.3.0/armtools/bin/../lib/gcc/arm-atollic-eabi/6.3.1/armv7-m/crtbegin.o
 *(.init)
 .init          0x08002d80        0x4 d:/program files/atollic/truestudio for stm32 9.3.0/armtools/bin/../lib/gcc/arm-atollic-eabi/6.3.1/armv7-m/crti.o
                0x08002d80                _init
 .init          0x08002d84        0x8 d:/program files/atollic/truestudio for stm32 9.3.0/armtools/bin/../lib/gcc/arm-atollic-eabi/6.3.1/armv7-m/crtn.o
 *(.fini)
 .fini          0x08002d8c        0x4 d:/program files/atollic/truestudio for stm32 9.3.0/armtools/bin/../lib/gcc/arm-atollic-eabi/6.3.1/armv7-m/crti.o
                0x08002d8c                _fini
 .fini          0x08002d90        0x8 d:/program files/atollic/truestudio for stm32 9.3.0/armtools/bin/../lib/gcc/arm-atollic-eabi/6.3.1/armv7-m/crtn.o
                0x08002d98                . = ALIGN (0x4)
                0x08002d98                _etext = .

.vfp11_veneer   0x08002d98        0x0
 .vfp11_veneer  0x08002d98        0x0 linker stubs

.v4_bx          0x08002d98        0x0
 .v4_bx         0x08002d98        0x0 linker stubs

.iplt           0x08002d98        0x0
 .iplt          0x08002d98        0x0 d:/program files/atollic/truestudio for stm32 9.3.0/armtools/bin/../lib/gcc/arm-atollic-eabi/6.3.1/armv7-m/crtbegin.o

.rodata         0x08002d98       0xa4
                0x08002d98                . = ALIGN (0x4)
 *(.rodata)
 .rodata        0x08002d98       0x10 Drivers\STM32F1xx_HAL_Driver\Src\stm32f1xx_hal_rcc.o
 *(.rodata*)
 .rodata.main.str1.1
                0x08002da8       0x47 Core\Src\main.o
 .rodata.AHBPrescTable
                0x08002def       0x10 Core\Src\system_stm32f1xx.o
                0x08002def                AHBPrescTable
 .rodata.APBPrescTable
                0x08002dff        0x8 Core\Src\system_stm32f1xx.o
                0x08002dff                APBPrescTable
 .rodata._svfprintf_r.str1.1
                0x08002e07       0x11 d:/program files/atollic/truestudio for stm32 9.3.0/armtools/bin/../lib/gcc/arm-atollic-eabi/6.3.1/../../../../arm-atollic-eabi/lib/armv7-m\libc_nano.a(lib_a-nano-svfprintf.o)
 .rodata._printf_i.str1.1
                0x08002e18       0x22 d:/program files/atollic/truestudio for stm32 9.3.0/armtools/bin/../lib/gcc/arm-atollic-eabi/6.3.1/../../../../arm-atollic-eabi/lib/armv7-m\libc_nano.a(lib_a-nano-vfprintf_i.o)
                0x08002e3c                . = ALIGN (0x4)
 *fill*         0x08002e3a        0x2 

.rel.dyn        0x08002e3c        0x0
 .rel.iplt      0x08002e3c        0x0 d:/program files/atollic/truestudio for stm32 9.3.0/armtools/bin/../lib/gcc/arm-atollic-eabi/6.3.1/armv7-m/crtbegin.o

.ARM.extab
 *(.ARM.extab* .gnu.linkonce.armextab.*)

.ARM            0x08002e3c        0x0
                0x08002e3c                __exidx_start = .
 *(.ARM.exidx*)
                0x08002e3c                __exidx_end = .

.preinit_array  0x08002e3c        0x0
                0x08002e3c                PROVIDE (__preinit_array_start, .)
 *(.preinit_array*)
                0x08002e3c                PROVIDE (__preinit_array_end, .)

.init_array     0x08002e3c        0x4
                0x08002e3c                PROVIDE (__init_array_start, .)
 *(SORT(.init_array.*))
 *(.init_array*)
 .init_array    0x08002e3c        0x4 d:/program files/atollic/truestudio for stm32 9.3.0/armtools/bin/../lib/gcc/arm-atollic-eabi/6.3.1/armv7-m/crtbegin.o
                0x08002e40                PROVIDE (__init_array_end, .)

.fini_array     0x08002e40        0x4
                [!provide]                PROVIDE (__fini_array_start, .)
 *(SORT(.fini_array.*))
 *(.fini_array*)
 .fini_array    0x08002e40        0x4 d:/program files/atollic/truestudio for stm32 9.3.0/armtools/bin/../lib/gcc/arm-atollic-eabi/6.3.1/armv7-m/crtbegin.o
                [!provide]                PROVIDE (__fini_array_end, .)
                0x08002e44                _sidata = LOADADDR (.data)

.data           0x20000000       0x90 load address 0x08002e44
                0x20000000                . = ALIGN (0x4)
                0x20000000                _sdata = .
 *(.data)
 *(.data*)
 .data.Kp       0x20000000        0x4 Core\Src\main.o
                0x20000000                Kp
 .data.Kp_int   0x20000004        0x1 Core\Src\main.o
                0x20000004                Kp_int
 *fill*         0x20000005        0x3 
 .data.Td       0x20000008        0x4 Core\Src\main.o
                0x20000008                Td
 .data.Td_int   0x2000000c        0x1 Core\Src\main.o
                0x2000000c                Td_int
 *fill*         0x2000000d        0x3 
 .data.Ti       0x20000010        0x4 Core\Src\main.o
                0x20000010                Ti
 .data.Ti_int   0x20000014        0x1 Core\Src\main.o
                0x20000014                Ti_int
 *fill*         0x20000015        0x3 
 .data.set      0x20000018        0x4 Core\Src\main.o
                0x20000018                set
 .data.set_int  0x2000001c        0x1 Core\Src\main.o
                0x2000001c                set_int
 *fill*         0x2000001d        0x3 
 .data.SystemCoreClock
                0x20000020        0x4 Core\Src\system_stm32f1xx.o
                0x20000020                SystemCoreClock
 .data.uwTickFreq
                0x20000024        0x1 Drivers\STM32F1xx_HAL_Driver\Src\stm32f1xx_hal.o
                0x20000024                uwTickFreq
 *fill*         0x20000025        0x3 
 .data.uwTickPrio
                0x20000028        0x4 Drivers\STM32F1xx_HAL_Driver\Src\stm32f1xx_hal.o
                0x20000028                uwTickPrio
 .data._impure_ptr
                0x2000002c        0x4 d:/program files/atollic/truestudio for stm32 9.3.0/armtools/bin/../lib/gcc/arm-atollic-eabi/6.3.1/../../../../arm-atollic-eabi/lib/armv7-m\libc_nano.a(lib_a-impure.o)
                0x2000002c                _impure_ptr
 .data.impure_data
                0x20000030       0x60 d:/program files/atollic/truestudio for stm32 9.3.0/armtools/bin/../lib/gcc/arm-atollic-eabi/6.3.1/../../../../arm-atollic-eabi/lib/armv7-m\libc_nano.a(lib_a-impure.o)
                0x20000090                . = ALIGN (0x4)
                0x20000090                _edata = .

.igot.plt       0x20000090        0x0 load address 0x08002ed4
 .igot.plt      0x20000090        0x0 d:/program files/atollic/truestudio for stm32 9.3.0/armtools/bin/../lib/gcc/arm-atollic-eabi/6.3.1/armv7-m/crtbegin.o
                0x20000090                . = ALIGN (0x4)

.bss            0x20000090      0x1f0 load address 0x08002ed4
                0x20000090                _sbss = .
                0x20000090                __bss_start__ = _sbss
 *(.bss)
 .bss           0x20000090       0x1c d:/program files/atollic/truestudio for stm32 9.3.0/armtools/bin/../lib/gcc/arm-atollic-eabi/6.3.1/armv7-m/crtbegin.o
 *(.bss*)
 .bss.Ierror    0x200000ac        0x4 Core\Src\main.o
                0x200000ac                Ierror
 .bss.Kp_digit  0x200000b0        0x1 Core\Src\main.o
                0x200000b0                Kp_digit
 *fill*         0x200000b1        0x3 
 .bss.Rh        0x200000b4        0x4 Core\Src\main.o
                0x200000b4                Rh
 .bss.T_digit   0x200000b8        0x1 Core\Src\main.o
                0x200000b8                T_digit
 .bss.T_int     0x200000b9        0x1 Core\Src\main.o
                0x200000b9                T_int
 .bss.Td_digit  0x200000ba        0x1 Core\Src\main.o
                0x200000ba                Td_digit
 *fill*         0x200000bb        0x1 
 .bss.Temp      0x200000bc        0x4 Core\Src\main.o
                0x200000bc                Temp
 .bss.Ti_digit  0x200000c0        0x1 Core\Src\main.o
                0x200000c0                Ti_digit
 .bss.check_s   0x200000c1        0x1 Core\Src\main.o
                0x200000c1                check_s
 *fill*         0x200000c2        0x2 
 .bss.last_T    0x200000c4        0x4 Core\Src\main.o
                0x200000c4                last_T
 .bss.n         0x200000c8        0x1 Core\Src\main.o
                0x200000c8                n
 *fill*         0x200000c9        0x1 
 .bss.send_time
                0x200000ca        0x2 Core\Src\main.o
                0x200000ca                send_time
 .bss.set_digit
                0x200000cc        0x1 Core\Src\main.o
                0x200000cc                set_digit
 *fill*         0x200000cd        0x1 
 .bss.size      0x200000ce        0x2 Core\Src\main.o
                0x200000ce                size
 .bss.time      0x200000d0        0x4 Core\Src\main.o
                0x200000d0                time
 .bss.heap_end.5887
                0x200000d4        0x4 Core\Src\syscalls.o
 .bss.__malloc_free_list
                0x200000d8        0x4 d:/program files/atollic/truestudio for stm32 9.3.0/armtools/bin/../lib/gcc/arm-atollic-eabi/6.3.1/../../../../arm-atollic-eabi/lib/armv7-m\libc_nano.a(lib_a-nano-mallocr.o)
                0x200000d8                __malloc_free_list
 .bss.__malloc_sbrk_start
                0x200000dc        0x4 d:/program files/atollic/truestudio for stm32 9.3.0/armtools/bin/../lib/gcc/arm-atollic-eabi/6.3.1/../../../../arm-atollic-eabi/lib/armv7-m\libc_nano.a(lib_a-nano-mallocr.o)
                0x200000dc                __malloc_sbrk_start
 *(COMMON)
 COMMON         0x200000e0       0x97 Core\Src\main.o
                0x200000e0                Received
                0x200000e1                data
 *fill*         0x20000177        0x1 
 COMMON         0x20000178       0x80 Core\Src\tim.o
                0x20000178                htim1
                0x200001b8                htim2
 COMMON         0x200001f8       0x80 Core\Src\usart.o
                0x200001f8                huart3
                0x20000238                huart2
 COMMON         0x20000278        0x4 Drivers\STM32F1xx_HAL_Driver\Src\stm32f1xx_hal.o
                0x20000278                uwTick
 COMMON         0x2000027c        0x4 d:/program files/atollic/truestudio for stm32 9.3.0/armtools/bin/../lib/gcc/arm-atollic-eabi/6.3.1/../../../../arm-atollic-eabi/lib/armv7-m\libc_nano.a(lib_a-reent.o)
                0x2000027c                errno
                0x20000280                . = ALIGN (0x4)
                0x20000280                _ebss = .
                0x20000280                __bss_end__ = _ebss

._user_heap_stack
                0x20000280      0x600 load address 0x08002ed4
                0x20000280                . = ALIGN (0x4)
                0x20000280                PROVIDE (end, .)
                [!provide]                PROVIDE (_end, .)
                0x20000480                . = (. + _Min_Heap_Size)
 *fill*         0x20000280      0x200 
                0x20000880                . = (. + _Min_Stack_Size)
 *fill*         0x20000480      0x400 
                0x20000880                . = ALIGN (0x4)

/DISCARD/
 libc.a(*)
 libm.a(*)
 libgcc.a(*)

.ARM.attributes
                0x00000000       0x29
 *(.ARM.attributes)
 .ARM.attributes
                0x00000000       0x1d d:/program files/atollic/truestudio for stm32 9.3.0/armtools/bin/../lib/gcc/arm-atollic-eabi/6.3.1/armv7-m/crti.o
 .ARM.attributes
                0x0000001d       0x2d d:/program files/atollic/truestudio for stm32 9.3.0/armtools/bin/../lib/gcc/arm-atollic-eabi/6.3.1/armv7-m/crtbegin.o
 .ARM.attributes
                0x0000004a       0x33 Core\Src\PID.o
 .ARM.attributes
                0x0000007d       0x33 Core\Src\delay.o
 .ARM.attributes
                0x000000b0       0x33 Core\Src\dht.o
 .ARM.attributes
                0x000000e3       0x33 Core\Src\gpio.o
 .ARM.attributes
                0x00000116       0x33 Core\Src\main.o
 .ARM.attributes
                0x00000149       0x33 Core\Src\stm32f1xx_hal_msp.o
 .ARM.attributes
                0x0000017c       0x33 Core\Src\stm32f1xx_it.o
 .ARM.attributes
                0x000001af       0x33 Core\Src\syscalls.o
 .ARM.attributes
                0x000001e2       0x33 Core\Src\system_stm32f1xx.o
 .ARM.attributes
                0x00000215       0x33 Core\Src\tim.o
 .ARM.attributes
                0x00000248       0x33 Core\Src\usart.o
 .ARM.attributes
                0x0000027b       0x33 Drivers\STM32F1xx_HAL_Driver\Src\stm32f1xx_hal.o
 .ARM.attributes
                0x000002ae       0x33 Drivers\STM32F1xx_HAL_Driver\Src\stm32f1xx_hal_cortex.o
 .ARM.attributes
                0x000002e1       0x33 Drivers\STM32F1xx_HAL_Driver\Src\stm32f1xx_hal_dma.o
 .ARM.attributes
                0x00000314       0x33 Drivers\STM32F1xx_HAL_Driver\Src\stm32f1xx_hal_gpio.o
 .ARM.attributes
                0x00000347       0x33 Drivers\STM32F1xx_HAL_Driver\Src\stm32f1xx_hal_rcc.o
 .ARM.attributes
                0x0000037a       0x33 Drivers\STM32F1xx_HAL_Driver\Src\stm32f1xx_hal_tim.o
 .ARM.attributes
                0x000003ad       0x33 Drivers\STM32F1xx_HAL_Driver\Src\stm32f1xx_hal_tim_ex.o
 .ARM.attributes
                0x000003e0       0x33 Drivers\STM32F1xx_HAL_Driver\Src\stm32f1xx_hal_uart.o
 .ARM.attributes
                0x00000413       0x21 startup\startup_stm32f103xb.o
 .ARM.attributes
                0x00000434       0x2d d:/program files/atollic/truestudio for stm32 9.3.0/armtools/bin/../lib/gcc/arm-atollic-eabi/6.3.1/../../../../arm-atollic-eabi/lib/armv7-m\libc_nano.a(lib_a-errno.o)
 .ARM.attributes
                0x00000461       0x2d d:/program files/atollic/truestudio for stm32 9.3.0/armtools/bin/../lib/gcc/arm-atollic-eabi/6.3.1/../../../../arm-atollic-eabi/lib/armv7-m\libc_nano.a(lib_a-impure.o)
 .ARM.attributes
                0x0000048e       0x2d d:/program files/atollic/truestudio for stm32 9.3.0/armtools/bin/../lib/gcc/arm-atollic-eabi/6.3.1/../../../../arm-atollic-eabi/lib/armv7-m\libc_nano.a(lib_a-init.o)
 .ARM.attributes
                0x000004bb       0x2d d:/program files/atollic/truestudio for stm32 9.3.0/armtools/bin/../lib/gcc/arm-atollic-eabi/6.3.1/../../../../arm-atollic-eabi/lib/armv7-m\libc_nano.a(lib_a-memset.o)
 .ARM.attributes
                0x000004e8       0x2d d:/program files/atollic/truestudio for stm32 9.3.0/armtools/bin/../lib/gcc/arm-atollic-eabi/6.3.1/../../../../arm-atollic-eabi/lib/armv7-m\libc_nano.a(lib_a-sprintf.o)
 .ARM.attributes
                0x00000515       0x2d d:/program files/atollic/truestudio for stm32 9.3.0/armtools/bin/../lib/gcc/arm-atollic-eabi/6.3.1/../../../../arm-atollic-eabi/lib/armv7-m\libc_nano.a(lib_a-nano-svfprintf.o)
 .ARM.attributes
                0x00000542       0x2d d:/program files/atollic/truestudio for stm32 9.3.0/armtools/bin/../lib/gcc/arm-atollic-eabi/6.3.1/../../../../arm-atollic-eabi/lib/armv7-m\libc_nano.a(lib_a-nano-vfprintf_i.o)
 .ARM.attributes
                0x0000056f       0x2d d:/program files/atollic/truestudio for stm32 9.3.0/armtools/bin/../lib/gcc/arm-atollic-eabi/6.3.1/../../../../arm-atollic-eabi/lib/armv7-m\libc_nano.a(lib_a-memchr-stub.o)
 .ARM.attributes
                0x0000059c       0x2d d:/program files/atollic/truestudio for stm32 9.3.0/armtools/bin/../lib/gcc/arm-atollic-eabi/6.3.1/../../../../arm-atollic-eabi/lib/armv7-m\libc_nano.a(lib_a-memcpy-stub.o)
 .ARM.attributes
                0x000005c9       0x2d d:/program files/atollic/truestudio for stm32 9.3.0/armtools/bin/../lib/gcc/arm-atollic-eabi/6.3.1/../../../../arm-atollic-eabi/lib/armv7-m\libc_nano.a(lib_a-memmove.o)
 .ARM.attributes
                0x000005f6       0x2d d:/program files/atollic/truestudio for stm32 9.3.0/armtools/bin/../lib/gcc/arm-atollic-eabi/6.3.1/../../../../arm-atollic-eabi/lib/armv7-m\libc_nano.a(lib_a-nano-freer.o)
 .ARM.attributes
                0x00000623       0x2d d:/program files/atollic/truestudio for stm32 9.3.0/armtools/bin/../lib/gcc/arm-atollic-eabi/6.3.1/../../../../arm-atollic-eabi/lib/armv7-m\libc_nano.a(lib_a-nano-mallocr.o)
 .ARM.attributes
                0x00000650       0x2d d:/program files/atollic/truestudio for stm32 9.3.0/armtools/bin/../lib/gcc/arm-atollic-eabi/6.3.1/../../../../arm-atollic-eabi/lib/armv7-m\libc_nano.a(lib_a-nano-reallocr.o)
 .ARM.attributes
                0x0000067d       0x2d d:/program files/atollic/truestudio for stm32 9.3.0/armtools/bin/../lib/gcc/arm-atollic-eabi/6.3.1/../../../../arm-atollic-eabi/lib/armv7-m\libc_nano.a(lib_a-sbrkr.o)
 .ARM.attributes
                0x000006aa       0x2d d:/program files/atollic/truestudio for stm32 9.3.0/armtools/bin/../lib/gcc/arm-atollic-eabi/6.3.1/../../../../arm-atollic-eabi/lib/armv7-m\libc_nano.a(lib_a-mlock.o)
 .ARM.attributes
                0x000006d7       0x2d d:/program files/atollic/truestudio for stm32 9.3.0/armtools/bin/../lib/gcc/arm-atollic-eabi/6.3.1/../../../../arm-atollic-eabi/lib/armv7-m\libc_nano.a(lib_a-nano-msizer.o)
 .ARM.attributes
                0x00000704       0x2d d:/program files/atollic/truestudio for stm32 9.3.0/armtools/bin/../lib/gcc/arm-atollic-eabi/6.3.1/../../../../arm-atollic-eabi/lib/armv7-m\libc_nano.a(lib_a-reent.o)
 .ARM.attributes
                0x00000731       0x1d d:/program files/atollic/truestudio for stm32 9.3.0/armtools/bin/../lib/gcc/arm-atollic-eabi/6.3.1/armv7-m\libgcc.a(_arm_addsubsf3.o)
 .ARM.attributes
                0x0000074e       0x1d d:/program files/atollic/truestudio for stm32 9.3.0/armtools/bin/../lib/gcc/arm-atollic-eabi/6.3.1/armv7-m\libgcc.a(_arm_muldivsf3.o)
 .ARM.attributes
                0x0000076b       0x1d d:/program files/atollic/truestudio for stm32 9.3.0/armtools/bin/../lib/gcc/arm-atollic-eabi/6.3.1/armv7-m\libgcc.a(_arm_cmpsf2.o)
 .ARM.attributes
                0x00000788       0x1d d:/program files/atollic/truestudio for stm32 9.3.0/armtools/bin/../lib/gcc/arm-atollic-eabi/6.3.1/armv7-m\libgcc.a(_arm_fixsfsi.o)
 .ARM.attributes
                0x000007a5       0x1d d:/program files/atollic/truestudio for stm32 9.3.0/armtools/bin/../lib/gcc/arm-atollic-eabi/6.3.1/armv7-m\libgcc.a(_arm_fixunssfsi.o)
 .ARM.attributes
                0x000007c2       0x1d d:/program files/atollic/truestudio for stm32 9.3.0/armtools/bin/../lib/gcc/arm-atollic-eabi/6.3.1/armv7-m/crtn.o
OUTPUT(DHT11.elf elf32-littlearm)

.debug_info     0x00000000     0xfdd9
 .debug_info    0x00000000      0x703 Core\Src\PID.o
 .debug_info    0x00000703      0x62c Core\Src\delay.o
 .debug_info    0x00000d2f     0x13c9 Core\Src\dht.o
 .debug_info    0x000020f8      0x60d Core\Src\gpio.o
 .debug_info    0x00002705     0x1717 Core\Src\main.o
 .debug_info    0x00003e1c      0x2c0 Core\Src\stm32f1xx_hal_msp.o
 .debug_info    0x000040dc      0x694 Core\Src\stm32f1xx_it.o
 .debug_info    0x00004770      0xfe1 Core\Src\syscalls.o
 .debug_info    0x00005751      0x437 Core\Src\system_stm32f1xx.o
 .debug_info    0x00005b88      0xbd0 Core\Src\tim.o
 .debug_info    0x00006758      0xadd Core\Src\usart.o
 .debug_info    0x00007235      0x7cd Drivers\STM32F1xx_HAL_Driver\Src\stm32f1xx_hal.o
 .debug_info    0x00007a02      0xca7 Drivers\STM32F1xx_HAL_Driver\Src\stm32f1xx_hal_cortex.o
 .debug_info    0x000086a9      0x837 Drivers\STM32F1xx_HAL_Driver\Src\stm32f1xx_hal_dma.o
 .debug_info    0x00008ee0      0x691 Drivers\STM32F1xx_HAL_Driver\Src\stm32f1xx_hal_gpio.o
 .debug_info    0x00009571      0xa01 Drivers\STM32F1xx_HAL_Driver\Src\stm32f1xx_hal_rcc.o
 .debug_info    0x00009f72     0x34cc Drivers\STM32F1xx_HAL_Driver\Src\stm32f1xx_hal_tim.o
 .debug_info    0x0000d43e     0x12fc Drivers\STM32F1xx_HAL_Driver\Src\stm32f1xx_hal_tim_ex.o
 .debug_info    0x0000e73a     0x1632 Drivers\STM32F1xx_HAL_Driver\Src\stm32f1xx_hal_uart.o
 .debug_info    0x0000fd6c       0x6d startup\startup_stm32f103xb.o

.debug_abbrev   0x00000000     0x298d
 .debug_abbrev  0x00000000      0x16c Core\Src\PID.o
 .debug_abbrev  0x0000016c      0x14a Core\Src\delay.o
 .debug_abbrev  0x000002b6      0x2b2 Core\Src\dht.o
 .debug_abbrev  0x00000568      0x182 Core\Src\gpio.o
 .debug_abbrev  0x000006ea      0x2e1 Core\Src\main.o
 .debug_abbrev  0x000009cb      0x100 Core\Src\stm32f1xx_hal_msp.o
 .debug_abbrev  0x00000acb      0x1cb Core\Src\stm32f1xx_it.o
 .debug_abbrev  0x00000c96      0x2d9 Core\Src\syscalls.o
 .debug_abbrev  0x00000f6f      0x12f Core\Src\system_stm32f1xx.o
 .debug_abbrev  0x0000109e      0x201 Core\Src\tim.o
 .debug_abbrev  0x0000129f      0x204 Core\Src\usart.o
 .debug_abbrev  0x000014a3      0x24a Drivers\STM32F1xx_HAL_Driver\Src\stm32f1xx_hal.o
 .debug_abbrev  0x000016ed      0x2f8 Drivers\STM32F1xx_HAL_Driver\Src\stm32f1xx_hal_cortex.o
 .debug_abbrev  0x000019e5      0x22d Drivers\STM32F1xx_HAL_Driver\Src\stm32f1xx_hal_dma.o
 .debug_abbrev  0x00001c12      0x1e4 Drivers\STM32F1xx_HAL_Driver\Src\stm32f1xx_hal_gpio.o
 .debug_abbrev  0x00001df6      0x2c1 Drivers\STM32F1xx_HAL_Driver\Src\stm32f1xx_hal_rcc.o
 .debug_abbrev  0x000020b7      0x335 Drivers\STM32F1xx_HAL_Driver\Src\stm32f1xx_hal_tim.o
 .debug_abbrev  0x000023ec      0x29c Drivers\STM32F1xx_HAL_Driver\Src\stm32f1xx_hal_tim_ex.o
 .debug_abbrev  0x00002688      0x2f3 Drivers\STM32F1xx_HAL_Driver\Src\stm32f1xx_hal_uart.o
 .debug_abbrev  0x0000297b       0x12 startup\startup_stm32f103xb.o

.debug_loc      0x00000000     0x6a04
 .debug_loc     0x00000000      0x20b Core\Src\PID.o
 .debug_loc     0x0000020b      0x236 Core\Src\dht.o
 .debug_loc     0x00000441       0x2c Core\Src\main.o
 .debug_loc     0x0000046d      0x3ef Core\Src\syscalls.o
 .debug_loc     0x0000085c       0xcd Core\Src\system_stm32f1xx.o
 .debug_loc     0x00000929       0x2c Core\Src\tim.o
 .debug_loc     0x00000955       0x8a Core\Src\usart.o
 .debug_loc     0x000009df      0x10c Drivers\STM32F1xx_HAL_Driver\Src\stm32f1xx_hal.o
 .debug_loc     0x00000aeb      0x487 Drivers\STM32F1xx_HAL_Driver\Src\stm32f1xx_hal_cortex.o
 .debug_loc     0x00000f72      0x5ed Drivers\STM32F1xx_HAL_Driver\Src\stm32f1xx_hal_dma.o
 .debug_loc     0x0000155f      0x2f5 Drivers\STM32F1xx_HAL_Driver\Src\stm32f1xx_hal_gpio.o
 .debug_loc     0x00001854      0x478 Drivers\STM32F1xx_HAL_Driver\Src\stm32f1xx_hal_rcc.o
 .debug_loc     0x00001ccc     0x2f5a Drivers\STM32F1xx_HAL_Driver\Src\stm32f1xx_hal_tim.o
 .debug_loc     0x00004c26      0xa7c Drivers\STM32F1xx_HAL_Driver\Src\stm32f1xx_hal_tim_ex.o
 .debug_loc     0x000056a2     0x1362 Drivers\STM32F1xx_HAL_Driver\Src\stm32f1xx_hal_uart.o

.debug_aranges  0x00000000      0xa78
 .debug_aranges
                0x00000000       0x20 Core\Src\PID.o
 .debug_aranges
                0x00000020       0x20 Core\Src\delay.o
 .debug_aranges
                0x00000040       0x40 Core\Src\dht.o
 .debug_aranges
                0x00000080       0x20 Core\Src\gpio.o
 .debug_aranges
                0x000000a0       0x48 Core\Src\main.o
 .debug_aranges
                0x000000e8       0x20 Core\Src\stm32f1xx_hal_msp.o
 .debug_aranges
                0x00000108       0x58 Core\Src\stm32f1xx_it.o
 .debug_aranges
                0x00000160       0xb0 Core\Src\syscalls.o
 .debug_aranges
                0x00000210       0x28 Core\Src\system_stm32f1xx.o
 .debug_aranges
                0x00000238       0x40 Core\Src\tim.o
 .debug_aranges
                0x00000278       0x38 Core\Src\usart.o
 .debug_aranges
                0x000002b0       0xd8 Drivers\STM32F1xx_HAL_Driver\Src\stm32f1xx_hal.o
 .debug_aranges
                0x00000388       0x90 Drivers\STM32F1xx_HAL_Driver\Src\stm32f1xx_hal_cortex.o
 .debug_aranges
                0x00000418       0x78 Drivers\STM32F1xx_HAL_Driver\Src\stm32f1xx_hal_dma.o
 .debug_aranges
                0x00000490       0x58 Drivers\STM32F1xx_HAL_Driver\Src\stm32f1xx_hal_gpio.o
 .debug_aranges
                0x000004e8       0x88 Drivers\STM32F1xx_HAL_Driver\Src\stm32f1xx_hal_rcc.o
 .debug_aranges
                0x00000570      0x278 Drivers\STM32F1xx_HAL_Driver\Src\stm32f1xx_hal_tim.o
 .debug_aranges
                0x000007e8       0xf8 Drivers\STM32F1xx_HAL_Driver\Src\stm32f1xx_hal_tim_ex.o
 .debug_aranges
                0x000008e0      0x170 Drivers\STM32F1xx_HAL_Driver\Src\stm32f1xx_hal_uart.o
 .debug_aranges
                0x00000a50       0x28 startup\startup_stm32f103xb.o

.debug_ranges   0x00000000      0xca0
 .debug_ranges  0x00000000       0x10 Core\Src\PID.o
 .debug_ranges  0x00000010       0x10 Core\Src\delay.o
 .debug_ranges  0x00000020       0x30 Core\Src\dht.o
 .debug_ranges  0x00000050       0x88 Core\Src\gpio.o
 .debug_ranges  0x000000d8       0x38 Core\Src\main.o
 .debug_ranges  0x00000110       0x58 Core\Src\stm32f1xx_hal_msp.o
 .debug_ranges  0x00000168       0x48 Core\Src\stm32f1xx_it.o
 .debug_ranges  0x000001b0       0xa0 Core\Src\syscalls.o
 .debug_ranges  0x00000250       0x18 Core\Src\system_stm32f1xx.o
 .debug_ranges  0x00000268       0x50 Core\Src\tim.o
 .debug_ranges  0x000002b8       0x70 Core\Src\usart.o
 .debug_ranges  0x00000328       0xc8 Drivers\STM32F1xx_HAL_Driver\Src\stm32f1xx_hal.o
 .debug_ranges  0x000003f0      0x128 Drivers\STM32F1xx_HAL_Driver\Src\stm32f1xx_hal_cortex.o
 .debug_ranges  0x00000518       0xa8 Drivers\STM32F1xx_HAL_Driver\Src\stm32f1xx_hal_dma.o
 .debug_ranges  0x000005c0       0x60 Drivers\STM32F1xx_HAL_Driver\Src\stm32f1xx_hal_gpio.o
 .debug_ranges  0x00000620       0xa0 Drivers\STM32F1xx_HAL_Driver\Src\stm32f1xx_hal_rcc.o
 .debug_ranges  0x000006c0      0x348 Drivers\STM32F1xx_HAL_Driver\Src\stm32f1xx_hal_tim.o
 .debug_ranges  0x00000a08       0xe8 Drivers\STM32F1xx_HAL_Driver\Src\stm32f1xx_hal_tim_ex.o
 .debug_ranges  0x00000af0      0x190 Drivers\STM32F1xx_HAL_Driver\Src\stm32f1xx_hal_uart.o
 .debug_ranges  0x00000c80       0x20 startup\startup_stm32f103xb.o

.debug_line     0x00000000     0x5b56
 .debug_line    0x00000000      0x25e Core\Src\PID.o
 .debug_line    0x0000025e      0x22d Core\Src\delay.o
 .debug_line    0x0000048b      0x40d Core\Src\dht.o
 .debug_line    0x00000898      0x251 Core\Src\gpio.o
 .debug_line    0x00000ae9      0x4af Core\Src\main.o
 .debug_line    0x00000f98      0x1e5 Core\Src\stm32f1xx_hal_msp.o
 .debug_line    0x0000117d      0x2c4 Core\Src\stm32f1xx_it.o
 .debug_line    0x00001441      0x3ad Core\Src\syscalls.o
 .debug_line    0x000017ee      0x221 Core\Src\system_stm32f1xx.o
 .debug_line    0x00001a0f      0x302 Core\Src\tim.o
 .debug_line    0x00001d11      0x307 Core\Src\usart.o
 .debug_line    0x00002018      0x3df Drivers\STM32F1xx_HAL_Driver\Src\stm32f1xx_hal.o
 .debug_line    0x000023f7      0x3da Drivers\STM32F1xx_HAL_Driver\Src\stm32f1xx_hal_cortex.o
 .debug_line    0x000027d1      0x5ef Drivers\STM32F1xx_HAL_Driver\Src\stm32f1xx_hal_dma.o
 .debug_line    0x00002dc0      0x39f Drivers\STM32F1xx_HAL_Driver\Src\stm32f1xx_hal_gpio.o
 .debug_line    0x0000315f      0x576 Drivers\STM32F1xx_HAL_Driver\Src\stm32f1xx_hal_rcc.o
 .debug_line    0x000036d5     0x116d Drivers\STM32F1xx_HAL_Driver\Src\stm32f1xx_hal_tim.o
 .debug_line    0x00004842      0x6c9 Drivers\STM32F1xx_HAL_Driver\Src\stm32f1xx_hal_tim_ex.o
 .debug_line    0x00004f0b      0xbce Drivers\STM32F1xx_HAL_Driver\Src\stm32f1xx_hal_uart.o
 .debug_line    0x00005ad9       0x7d startup\startup_stm32f103xb.o

.debug_str      0x00000000     0x3b24
 .debug_str     0x00000000      0x5e2 Core\Src\PID.o
                                0x680 (size before relaxing)
 .debug_str     0x000005e2       0x25 Core\Src\delay.o
                                0x647 (size before relaxing)
 .debug_str     0x00000607      0x52b Core\Src\dht.o
                                0xbc5 (size before relaxing)
 .debug_str     0x00000b32      0x37f Core\Src\gpio.o
                                0x652 (size before relaxing)
 .debug_str     0x00000eb1      0x4a4 Core\Src\main.o
                                0xfa2 (size before relaxing)
 .debug_str     0x00001355       0x5a Core\Src\stm32f1xx_hal_msp.o
                                0x2f0 (size before relaxing)
 .debug_str     0x000013af      0x10b Core\Src\stm32f1xx_it.o
                                0x712 (size before relaxing)
 .debug_str     0x000014ba      0x251 Core\Src\syscalls.o
                                0x851 (size before relaxing)
 .debug_str     0x0000170b       0xa6 Core\Src\system_stm32f1xx.o
                                0x345 (size before relaxing)
 .debug_str     0x000017b1      0x1ea Core\Src\tim.o
                                0x904 (size before relaxing)
 .debug_str     0x0000199b       0x75 Core\Src\usart.o
                                0xa65 (size before relaxing)
 .debug_str     0x00001a10      0x278 Drivers\STM32F1xx_HAL_Driver\Src\stm32f1xx_hal.o
                                0x85e (size before relaxing)
 .debug_str     0x00001c88      0x32b Drivers\STM32F1xx_HAL_Driver\Src\stm32f1xx_hal_cortex.o
                                0x980 (size before relaxing)
 .debug_str     0x00001fb3      0x23f Drivers\STM32F1xx_HAL_Driver\Src\stm32f1xx_hal_dma.o
                                0x6ce (size before relaxing)
 .debug_str     0x000021f2       0xdc Drivers\STM32F1xx_HAL_Driver\Src\stm32f1xx_hal_gpio.o
                                0x4d1 (size before relaxing)
 .debug_str     0x000022ce      0x1f4 Drivers\STM32F1xx_HAL_Driver\Src\stm32f1xx_hal_rcc.o
                                0x6ba (size before relaxing)
 .debug_str     0x000024c2      0xcd7 Drivers\STM32F1xx_HAL_Driver\Src\stm32f1xx_hal_tim.o
                               0x1502 (size before relaxing)
 .debug_str     0x00003199      0x4d8 Drivers\STM32F1xx_HAL_Driver\Src\stm32f1xx_hal_tim_ex.o
                                0xd1a (size before relaxing)
 .debug_str     0x00003671      0x4b3 Drivers\STM32F1xx_HAL_Driver\Src\stm32f1xx_hal_uart.o
                                0xc4a (size before relaxing)

.comment        0x00000000       0x7c
 .comment       0x00000000       0x7c Core\Src\PID.o
                                 0x7d (size before relaxing)
 .comment       0x0000007c       0x7d Core\Src\delay.o
 .comment       0x0000007c       0x7d Core\Src\dht.o
 .comment       0x0000007c       0x7d Core\Src\gpio.o
 .comment       0x0000007c       0x7d Core\Src\main.o
 .comment       0x0000007c       0x7d Core\Src\stm32f1xx_hal_msp.o
 .comment       0x0000007c       0x7d Core\Src\stm32f1xx_it.o
 .comment       0x0000007c       0x7d Core\Src\syscalls.o
 .comment       0x0000007c       0x7d Core\Src\system_stm32f1xx.o
 .comment       0x0000007c       0x7d Core\Src\tim.o
 .comment       0x0000007c       0x7d Core\Src\usart.o
 .comment       0x0000007c       0x7d Drivers\STM32F1xx_HAL_Driver\Src\stm32f1xx_hal.o
 .comment       0x0000007c       0x7d Drivers\STM32F1xx_HAL_Driver\Src\stm32f1xx_hal_cortex.o
 .comment       0x0000007c       0x7d Drivers\STM32F1xx_HAL_Driver\Src\stm32f1xx_hal_dma.o
 .comment       0x0000007c       0x7d Drivers\STM32F1xx_HAL_Driver\Src\stm32f1xx_hal_gpio.o
 .comment       0x0000007c       0x7d Drivers\STM32F1xx_HAL_Driver\Src\stm32f1xx_hal_rcc.o
 .comment       0x0000007c       0x7d Drivers\STM32F1xx_HAL_Driver\Src\stm32f1xx_hal_tim.o
 .comment       0x0000007c       0x7d Drivers\STM32F1xx_HAL_Driver\Src\stm32f1xx_hal_tim_ex.o
 .comment       0x0000007c       0x7d Drivers\STM32F1xx_HAL_Driver\Src\stm32f1xx_hal_uart.o

.debug_frame    0x00000000     0x22a4
 .debug_frame   0x00000000       0x34 Core\Src\PID.o
 .debug_frame   0x00000034       0x20 Core\Src\delay.o
 .debug_frame   0x00000054       0xb8 Core\Src\dht.o
 .debug_frame   0x0000010c       0x34 Core\Src\gpio.o
 .debug_frame   0x00000140       0xa0 Core\Src\main.o
 .debug_frame   0x000001e0       0x28 Core\Src\stm32f1xx_hal_msp.o
 .debug_frame   0x00000208       0xcc Core\Src\stm32f1xx_it.o
 .debug_frame   0x000002d4      0x1a8 Core\Src\syscalls.o
 .debug_frame   0x0000047c       0x30 Core\Src\system_stm32f1xx.o
 .debug_frame   0x000004ac       0x94 Core\Src\tim.o
 .debug_frame   0x00000540       0x98 Core\Src\usart.o
 .debug_frame   0x000005d8      0x1d4 Drivers\STM32F1xx_HAL_Driver\Src\stm32f1xx_hal.o
 .debug_frame   0x000007ac      0x120 Drivers\STM32F1xx_HAL_Driver\Src\stm32f1xx_hal_cortex.o
 .debug_frame   0x000008cc      0x144 Drivers\STM32F1xx_HAL_Driver\Src\stm32f1xx_hal_dma.o
 .debug_frame   0x00000a10       0xd4 Drivers\STM32F1xx_HAL_Driver\Src\stm32f1xx_hal_gpio.o
 .debug_frame   0x00000ae4      0x150 Drivers\STM32F1xx_HAL_Driver\Src\stm32f1xx_hal_rcc.o
 .debug_frame   0x00000c34      0x928 Drivers\STM32F1xx_HAL_Driver\Src\stm32f1xx_hal_tim.o
 .debug_frame   0x0000155c      0x360 Drivers\STM32F1xx_HAL_Driver\Src\stm32f1xx_hal_tim_ex.o
 .debug_frame   0x000018bc      0x498 Drivers\STM32F1xx_HAL_Driver\Src\stm32f1xx_hal_uart.o
 .debug_frame   0x00001d54       0x20 d:/program files/atollic/truestudio for stm32 9.3.0/armtools/bin/../lib/gcc/arm-atollic-eabi/6.3.1/../../../../arm-atollic-eabi/lib/armv7-m\libc_nano.a(lib_a-errno.o)
 .debug_frame   0x00001d74       0x2c d:/program files/atollic/truestudio for stm32 9.3.0/armtools/bin/../lib/gcc/arm-atollic-eabi/6.3.1/../../../../arm-atollic-eabi/lib/armv7-m\libc_nano.a(lib_a-init.o)
 .debug_frame   0x00001da0       0x20 d:/program files/atollic/truestudio for stm32 9.3.0/armtools/bin/../lib/gcc/arm-atollic-eabi/6.3.1/../../../../arm-atollic-eabi/lib/armv7-m\libc_nano.a(lib_a-memset.o)
 .debug_frame   0x00001dc0       0x70 d:/program files/atollic/truestudio for stm32 9.3.0/armtools/bin/../lib/gcc/arm-atollic-eabi/6.3.1/../../../../arm-atollic-eabi/lib/armv7-m\libc_nano.a(lib_a-sprintf.o)
 .debug_frame   0x00001e30       0x90 d:/program files/atollic/truestudio for stm32 9.3.0/armtools/bin/../lib/gcc/arm-atollic-eabi/6.3.1/../../../../arm-atollic-eabi/lib/armv7-m\libc_nano.a(lib_a-nano-svfprintf.o)
 .debug_frame   0x00001ec0       0x60 d:/program files/atollic/truestudio for stm32 9.3.0/armtools/bin/../lib/gcc/arm-atollic-eabi/6.3.1/../../../../arm-atollic-eabi/lib/armv7-m\libc_nano.a(lib_a-nano-vfprintf_i.o)
 .debug_frame   0x00001f20       0x28 d:/program files/atollic/truestudio for stm32 9.3.0/armtools/bin/../lib/gcc/arm-atollic-eabi/6.3.1/../../../../arm-atollic-eabi/lib/armv7-m\libc_nano.a(lib_a-memchr-stub.o)
 .debug_frame   0x00001f48       0x28 d:/program files/atollic/truestudio for stm32 9.3.0/armtools/bin/../lib/gcc/arm-atollic-eabi/6.3.1/../../../../arm-atollic-eabi/lib/armv7-m\libc_nano.a(lib_a-memcpy-stub.o)
 .debug_frame   0x00001f70       0x28 d:/program files/atollic/truestudio for stm32 9.3.0/armtools/bin/../lib/gcc/arm-atollic-eabi/6.3.1/../../../../arm-atollic-eabi/lib/armv7-m\libc_nano.a(lib_a-memmove.o)
 .debug_frame   0x00001f98       0x38 d:/program files/atollic/truestudio for stm32 9.3.0/armtools/bin/../lib/gcc/arm-atollic-eabi/6.3.1/../../../../arm-atollic-eabi/lib/armv7-m\libc_nano.a(lib_a-nano-freer.o)
 .debug_frame   0x00001fd0       0x2c d:/program files/atollic/truestudio for stm32 9.3.0/armtools/bin/../lib/gcc/arm-atollic-eabi/6.3.1/../../../../arm-atollic-eabi/lib/armv7-m\libc_nano.a(lib_a-nano-mallocr.o)
 .debug_frame   0x00001ffc       0x3c d:/program files/atollic/truestudio for stm32 9.3.0/armtools/bin/../lib/gcc/arm-atollic-eabi/6.3.1/../../../../arm-atollic-eabi/lib/armv7-m\libc_nano.a(lib_a-nano-reallocr.o)
 .debug_frame   0x00002038       0x2c d:/program files/atollic/truestudio for stm32 9.3.0/armtools/bin/../lib/gcc/arm-atollic-eabi/6.3.1/../../../../arm-atollic-eabi/lib/armv7-m\libc_nano.a(lib_a-sbrkr.o)
 .debug_frame   0x00002064       0x30 d:/program files/atollic/truestudio for stm32 9.3.0/armtools/bin/../lib/gcc/arm-atollic-eabi/6.3.1/../../../../arm-atollic-eabi/lib/armv7-m\libc_nano.a(lib_a-mlock.o)
 .debug_frame   0x00002094       0x20 d:/program files/atollic/truestudio for stm32 9.3.0/armtools/bin/../lib/gcc/arm-atollic-eabi/6.3.1/../../../../arm-atollic-eabi/lib/armv7-m\libc_nano.a(lib_a-nano-msizer.o)
 .debug_frame   0x000020b4       0x5c d:/program files/atollic/truestudio for stm32 9.3.0/armtools/bin/../lib/gcc/arm-atollic-eabi/6.3.1/../../../../arm-atollic-eabi/lib/armv7-m\libc_nano.a(lib_a-reent.o)
 .debug_frame   0x00002110       0x4c d:/program files/atollic/truestudio for stm32 9.3.0/armtools/bin/../lib/gcc/arm-atollic-eabi/6.3.1/armv7-m\libgcc.a(_arm_addsubsf3.o)
 .debug_frame   0x0000215c       0x38 d:/program files/atollic/truestudio for stm32 9.3.0/armtools/bin/../lib/gcc/arm-atollic-eabi/6.3.1/armv7-m\libgcc.a(_arm_muldivsf3.o)
 .debug_frame   0x00002194       0xc8 d:/program files/atollic/truestudio for stm32 9.3.0/armtools/bin/../lib/gcc/arm-atollic-eabi/6.3.1/armv7-m\libgcc.a(_arm_cmpsf2.o)
 .debug_frame   0x0000225c       0x24 d:/program files/atollic/truestudio for stm32 9.3.0/armtools/bin/../lib/gcc/arm-atollic-eabi/6.3.1/armv7-m\libgcc.a(_arm_fixsfsi.o)
 .debug_frame   0x00002280       0x24 d:/program files/atollic/truestudio for stm32 9.3.0/armtools/bin/../lib/gcc/arm-atollic-eabi/6.3.1/armv7-m\libgcc.a(_arm_fixunssfsi.o)
